 Comm

 Timestamp is 54ab7ca7 (Tue Jan 06 14:11:51 2015)

 Preferred load address is 10000000

 Start         Length     Name                   Class
 0001:00000000 0000ece4H .text                   CODE
 0002:00000000 00000158H .idata$5                DATA
 0002:00000158 00000d38H .rdata                  DATA
 0002:00000e90 00000028H .idata$2                DATA
 0002:00000eb8 00000014H .idata$3                DATA
 0002:00000ecc 00000158H .idata$4                DATA
 0002:00001024 000005f4H .idata$6                DATA
 0002:00001620 00000214H .edata                  DATA
 0003:00000000 00000004H .CRT$XCA                DATA
 0003:00000004 00000004H .CRT$XCZ                DATA
 0003:00000008 00000004H .CRT$XIA                DATA
 0003:0000000c 00000008H .CRT$XIC                DATA
 0003:00000014 00000004H .CRT$XIZ                DATA
 0003:00000018 00000004H .CRT$XPA                DATA
 0003:0000001c 00000004H .CRT$XPX                DATA
 0003:00000020 00000004H .CRT$XPZ                DATA
 0003:00000024 00000004H .CRT$XTA                DATA
 0003:00000028 00000004H .CRT$XTZ                DATA
 0003:00000030 0000391cH .data                   DATA
 0003:00003950 00001b1cH .bss                    DATA

  Address         Publics by Value              Rva+Base     Lib:Object

 0001:00000000       _DllMain@12                10001000 f   Comm.obj
 0001:00000059       _SetWindowsHandle          10001059 f   Comm.obj
 0001:00000078       _GetWindowsHandle          10001078 f   Comm.obj
 0001:00000082       _WriteSendMessageState     10001082 f   Comm.obj
 0001:0000021f       _BCD_TO_ASCIIString        1000121f f   Comm.obj
 0001:000004fb       _SEND_MSG                  100014fb f   Comm.obj
 0001:00000748       _SEND_SOCKET_MSG           10001748 f   Comm.obj
 0001:000007d4       _SendThreadMessage         100017d4 f   Comm.obj
 0001:00000891       _SendForkMessage           10001891 f   Comm.obj
 0001:000008f6       _SendSocketMessage         100018f6 f   Comm.obj
 0001:00000a40       _RegisterIPC               10001a40 f   Comm.obj
 0001:00000b14       _UnRegisterIPC             10001b14 f   Comm.obj
 0001:00000b25       _RegisterThread            10001b25 f   Comm.obj
 0001:00000bf4       _RegisterSocketThread      10001bf4 f   Comm.obj
 0001:00000cb6       _UnRegisterThread          10001cb6 f   Comm.obj
 0001:00000d00       _RegisterNodeMod           10001d00 f   Comm.obj
 0001:00000da2       _UnRegisterNodeMod         10001da2 f   Comm.obj
 0001:00000dec       _Comm_SetTraceValue        10001dec f   Comm.obj
 0001:00000dfd       _GetMid                    10001dfd f   Comm.obj
 0001:00000e77       _GetTid                    10001e77 f   Comm.obj
 0001:00000ef3       _GetTID                    10001ef3 f   Comm.obj
 0001:00000f38       _COM_Read_Message          10001f38 f   Comm.obj
 0001:00000fa3       _GetSenssionID             10001fa3 f   Comm.obj
 0001:00000fc8       _ReleaseSenssionID         10001fc8 f   Comm.obj
 0001:00000fed       _Add_Message               10001fed f   Comm.obj
 0001:00001070       _Update_Message_COM        10002070 f   Comm.obj
 0001:000010d8       _FreeDll                   100020d8 f   Comm.obj
 0001:000010e2       _Clean_Message             100020e2 f   Comm.obj
 0001:00001133       _UpdateMessage             10002133 f   Comm.obj
 0001:00001178       _Share_Merry               10002178 f   Comm.obj
 0001:000013bb       _Detach_Merry              100023bb f   Comm.obj
 0001:00001496       _SetSenssionId             10002496 f   Comm.obj
 0001:000014c7       _GetSenssionNumber         100024c7 f   Comm.obj
 0001:000015e2       _SetOffsetId               100025e2 f   Comm.obj
 0001:0000160a       _GetOffsetId               1000260a f   Comm.obj
 0001:00001730       _initINI                   10002730 f   ReadConfig.obj
 0001:00001767       _addSection                10002767 f   ReadConfig.obj
 0001:00001864       _getSection                10002864 f   ReadConfig.obj
 0001:000018b7       _getNextSection            100028b7 f   ReadConfig.obj
 0001:000018dd       _removeSection             100028dd f   ReadConfig.obj
 0001:00001982       _freeSecKey                10002982 f   ReadConfig.obj
 0001:000019e3       _addKey                    100029e3 f   ReadConfig.obj
 0001:00001b3e       _addSecKey                 10002b3e f   ReadConfig.obj
 0001:00001c73       _getKey                    10002c73 f   ReadConfig.obj
 0001:00001d07       _getNextKey                10002d07 f   ReadConfig.obj
 0001:00001d2d       _getKeyValue               10002d2d f   ReadConfig.obj
 0001:00001d50       _setSectionName            10002d50 f   ReadConfig.obj
 0001:00001dbd       _setSectionComment         10002dbd f   ReadConfig.obj
 0001:00001e06       _setKeyName                10002e06 f   ReadConfig.obj
 0001:00001e4c       _setKeyValue               10002e4c f   ReadConfig.obj
 0001:00001e95       _setKeyComment             10002e95 f   ReadConfig.obj
 0001:00001ee0       _getSecKey                 10002ee0 f   ReadConfig.obj
 0001:00001f4a       _removeKey                 10002f4a f   ReadConfig.obj
 0001:0000200d       _removeSecKey              1000300d f   ReadConfig.obj
 0001:000020a3       _freeINI                   100030a3 f   ReadConfig.obj
 0001:000020fd       _getSectionCount           100030fd f   ReadConfig.obj
 0001:0000214b       _getKeyCount               1000314b f   ReadConfig.obj
 0001:000021a5       _printList                 100031a5 f   ReadConfig.obj
 0001:00002266       _printSectionList          10003266 f   ReadConfig.obj
 0001:000022de       _GetKeyList                100032de f   ReadConfig.obj
 0001:0000236f       _printKeyList              1000336f f   ReadConfig.obj
 0001:00002414       _ignoreCaseCompare         10003414 f   ReadConfig.obj
 0001:0000249f       _isIgnoreCaseChar          1000349f f   ReadConfig.obj
 0001:000024fe       _allocateSEC               100034fe f   ReadConfig.obj
 0001:0000257c       _allocateKEY               1000357c f   ReadConfig.obj
 0001:0000262b       _insertSECTION             1000362b f   ReadConfig.obj
 0001:00002654       _insertKEY                 10003654 f   ReadConfig.obj
 0001:0000267d       _saveINI                   1000367d f   ReadConfig.obj
 0001:0000285a       _loadINI                   1000385a f   ReadConfig.obj
 0001:00002bb2       _isSpecial                 10003bb2 f   ReadConfig.obj
 0001:00002c09       _RightTrim                 10003c09 f   ReadConfig.obj
 0001:00002c6e       _LeftTrim                  10003c6e f   ReadConfig.obj
 0001:00002d1e       _Trim                      10003d1e f   ReadConfig.obj
 0001:00002d40       _ReadTraceIni              10003d40 f   yftrace.obj
 0001:00002e50       _EnableTrace               10003e50 f   yftrace.obj
 0001:00002e7b       _EnableTrace_Spp           10003e7b f   yftrace.obj
 0001:00002ea6       _EnableTrace_Slp           10003ea6 f   yftrace.obj
 0001:00002ed1       _GetErrorType              10003ed1 f   yftrace.obj
 0001:00002fc3       _WriteTraceInf             10003fc3 f   yftrace.obj
 0001:0000303d       _WriteFileLog              1000403d f   yftrace.obj
 0001:000032da       _WriteFileLog_Trace        100042da f   yftrace.obj
 0001:00003577       _WriteFileLog_WARN         10004577 f   yftrace.obj
 0001:00003814       _WriteErrorInf             10004814 f   yftrace.obj
 0001:00003870       _CreateMutexA@12           10004870 f   kernel32:KERNEL32.dll
 0001:00003876       _GetLocalTime@4            10004876 f   kernel32:KERNEL32.dll
 0001:0000387c       _GetCurrentThreadId@0      1000487c f   kernel32:KERNEL32.dll
 0001:00003882       _CloseHandle@4             10004882 f   kernel32:KERNEL32.dll
 0001:00003888       _MapViewOfFile@20          10004888 f   kernel32:KERNEL32.dll
 0001:0000388e       _OpenFileMappingA@12       1000488e f   kernel32:KERNEL32.dll
 0001:00003894       _UnmapViewOfFile@4         10004894 f   kernel32:KERNEL32.dll
 0001:0000389a       _ReleaseMutex@4            1000489a f   kernel32:KERNEL32.dll
 0001:000038a0       _WaitForSingleObject@8     100048a0 f   kernel32:KERNEL32.dll
 0001:000038a6       _LocalFree@4               100048a6 f   kernel32:KERNEL32.dll
 0001:000038ac       _FormatMessageA@28         100048ac f   kernel32:KERNEL32.dll
 0001:000038b2       _GetLastError@0            100048b2 f   kernel32:KERNEL32.dll
 0001:000038b8       _GetTopWindow@4            100048b8 f   user32:USER32.dll
 0001:000038be       _PostThreadMessageA@16     100048be f   user32:USER32.dll
 0001:000038c4       _PostMessageA@16           100048c4 f   user32:USER32.dll
 0001:000038ca       _fclose                    100048ca f   LIBCMT:fclose.obj
 0001:000038fb       __fclose_lk                100048fb f   LIBCMT:fclose.obj
 0001:00003947       _fwrite                    10004947 f   LIBCMT:fwrite.obj
 0001:00003976       __fwrite_lk                10004976 f   LIBCMT:fwrite.obj
 0001:00003a80       _strlen                    10004a80 f   LIBCMT:strlen.obj
 0001:00003afb       _sprintf                   10004afb f   LIBCMT:sprintf.obj
 0001:00003b50       _memset                    10004b50 f   LIBCMT:memset.obj
 0001:00003ba8       __fsopen                   10004ba8 f   LIBCMT:fopen.obj
 0001:00003bd9       _fopen                     10004bd9 f   LIBCMT:fopen.obj
 0001:00003bf0       __chkstk                   10004bf0 f   LIBCMT:chkstk.obj
 0001:00003bf0       __alloca_probe             10004bf0 f   LIBCMT:chkstk.obj
 0001:00003c20       _memcpy                    10004c20 f   LIBCMT:memcpy.obj
 0001:00003f60       _strcpy                    10004f60 f   LIBCMT:strcat.obj
 0001:00003f70       _strcat                    10004f70 f   LIBCMT:strcat.obj
 0001:00004050       _malloc                    10005050 f   LIBCMT:malloc.obj
 0001:00004062       __nh_malloc                10005062 f   LIBCMT:malloc.obj
 0001:0000408e       __heap_alloc               1000508e f   LIBCMT:malloc.obj
 0001:0000418a       _free                      1000518a f   LIBCMT:free.obj
 0001:00004273       _printf                    10005273 f   LIBCMT:printf.obj
 0001:000042b4       _fprintf                   100052b4 f   LIBCMT:fprintf.obj
 0001:000042f0       _fgetc                     100052f0 f   LIBCMT:fgetc.obj
 0001:00004321       _getc                      10005321 f   LIBCMT:fgetc.obj
 0001:0000432c       _atol                      1000532c f   LIBCMT:atox.obj
 0001:000043b7       _atoi                      100053b7 f   LIBCMT:atox.obj
 0001:000043c2       __atoi64                   100053c2 f   LIBCMT:atox.obj
 0001:00004480       _strcmp                    10005480 f   LIBCMT:strcmp.obj
 0001:00004510       _strcspn                   10005510 f   LIBCMT:strcspn.obj
 0001:0000454e       __vsnprintf                1000554e f   LIBCMT:vsnprint.obj
 0001:0000459e       __splitpath                1000559e f   LIBCMT:splitpat.obj
 0001:000046e5       __CRT_INIT@12              100056e5 f   LIBCMT:dllcrt0.obj
 0001:000047be       __DllMainCRTStartup@12     100057be f   LIBCMT:dllcrt0.obj
 0001:0000485b       __amsg_exit                1000585b f   LIBCMT:dllcrt0.obj
 0001:0000488e       ___initstdio               1000588e f   LIBCMT:_file.obj
 0001:00004936       ___endstdio                10005936 f   LIBCMT:_file.obj
 0001:0000494a       __lock_file                1000594a f   LIBCMT:_file.obj
 0001:00004979       __lock_file2               10005979 f   LIBCMT:_file.obj
 0001:0000499c       __unlock_file              1000599c f   LIBCMT:_file.obj
 0001:000049cb       __unlock_file2             100059cb f   LIBCMT:_file.obj
 0001:000049ee       __close                    100059ee f   LIBCMT:close.obj
 0001:00004a4b       __close_lk                 10005a4b f   LIBCMT:close.obj
 0001:00004ace       __freebuf                  10005ace f   LIBCMT:_freebuf.obj
 0001:00004af9       _fflush                    10005af9 f   LIBCMT:fflush.obj
 0001:00004b28       __fflush_lk                10005b28 f   LIBCMT:fflush.obj
 0001:00004b56       __flush                    10005b56 f   LIBCMT:fflush.obj
 0001:00004bb2       __flushall                 10005bb2 f   LIBCMT:fflush.obj
 0001:00004c5f       __flsbuf                   10005c5f f   LIBCMT:_flsbuf.obj
 0001:00004d77       __write                    10005d77 f   LIBCMT:write.obj
 0001:00004ddc       __write_lk                 10005ddc f   LIBCMT:write.obj
 0001:00004f67       __output                   10005f67 f   LIBCMT:output.obj
 0001:000057ce       __openfile                 100067ce f   LIBCMT:_open.obj
 0001:0000593e       __getstream                1000693e f   LIBCMT:stream.obj
 0001:00005a06       ?_set_new_handler@@YAP6AHI@ZP6AHI@Z@Z 10006a06 f   LIBCMT:handler.obj
 0001:00005a2a       ?_query_new_handler@@YAP6AHI@ZXZ 10006a2a f   LIBCMT:handler.obj
 0001:00005a30       __callnewh                 10006a30 f   LIBCMT:handler.obj
 0001:00005a4b       __GetLinkerVersion         10006a4b f   LIBCMT:heapinit.obj
 0001:00005a78       ___heap_select             10006a78 f   LIBCMT:heapinit.obj
 0001:00005bc0       __heap_init                10006bc0 f   LIBCMT:heapinit.obj
 0001:00005c1d       __heap_term                10006c1d f   LIBCMT:heapinit.obj
 0001:00005cc5       __get_sbh_threshold        10006cc5 f   LIBCMT:sbheap.obj
 0001:00005ce4       __set_sbh_threshold        10006ce4 f   LIBCMT:sbheap.obj
 0001:00005d97       ___sbh_heap_init           10006d97 f   LIBCMT:sbheap.obj
 0001:00005ddf       ___sbh_find_block          10006ddf f   LIBCMT:sbheap.obj
 0001:00005e0a       ___sbh_free_block          10006e0a f   LIBCMT:sbheap.obj
 0001:00006133       ___sbh_alloc_block         10007133 f   LIBCMT:sbheap.obj
 0001:0000643c       ___sbh_alloc_new_region    1000743c f   LIBCMT:sbheap.obj
 0001:000064ed       ___sbh_alloc_new_group     100074ed f   LIBCMT:sbheap.obj
 0001:000065e8       ___sbh_resize_block        100075e8 f   LIBCMT:sbheap.obj
 0001:000068de       ___sbh_heapmin             100078de f   LIBCMT:sbheap.obj
 0001:000069af       ___sbh_heap_check          100079af f   LIBCMT:sbheap.obj
 0001:00006cde       __get_old_sbh_threshold    10007cde f   LIBCMT:sbheap.obj
 0001:00006ce4       __set_old_sbh_threshold    10007ce4 f   LIBCMT:sbheap.obj
 0001:00006d00       ___old_sbh_new_region      10007d00 f   LIBCMT:sbheap.obj
 0001:00006e44       ___old_sbh_release_region  10007e44 f   LIBCMT:sbheap.obj
 0001:00006e9a       ___old_sbh_decommit_pages  10007e9a f   LIBCMT:sbheap.obj
 0001:00006f5c       ___old_sbh_find_block      10007f5c f   LIBCMT:sbheap.obj
 0001:00006fb3       ___old_sbh_free_block      10007fb3 f   LIBCMT:sbheap.obj
 0001:00006ff8       ___old_sbh_alloc_block     10007ff8 f   LIBCMT:sbheap.obj
 0001:00007200       ___old_sbh_alloc_block_from_page 10008200 f   LIBCMT:sbheap.obj
 0001:00007324       ___old_sbh_resize_block    10008324 f   LIBCMT:sbheap.obj
 0001:000073cd       ___old_sbh_heap_check      100083cd f   LIBCMT:sbheap.obj
 0001:0000752b       __mtinitlocks              1000852b f   LIBCMT:mlock.obj
 0001:00007554       __mtdeletelocks            10008554 f   LIBCMT:mlock.obj
 0001:000075c0       __lock                     100085c0 f   LIBCMT:mlock.obj
 0001:00007621       __unlock                   10008621 f   LIBCMT:mlock.obj
 0001:00007636       __lockerr_exit             10008636 f   LIBCMT:mlock.obj
 0001:00007650       __global_unwind2           10008650 f   LIBCMT:exsup.obj
 0001:00007692       __local_unwind2            10008692 f   LIBCMT:exsup.obj
 0001:000076ea       __NLG_Return2              100086ea f   LIBCMT:exsup.obj
 0001:000076fa       __abnormal_termination     100086fa f   LIBCMT:exsup.obj
 0001:0000771d       __NLG_Notify1              1000871d f   LIBCMT:exsup.obj
 0001:00007726       __NLG_Notify               10008726 f   LIBCMT:exsup.obj
 0001:00007739       __NLG_Dispatch             10008739 f   LIBCMT:exsup.obj
 0001:00007748       __except_handler3          10008748 f   LIBCMT:exsup3.obj
 0001:00007805       __seh_longjmp_unwind@4     10008805 f   LIBCMT:exsup3.obj
 0001:00007820       __stbuf                    10008820 f   LIBCMT:_sftbuf.obj
 0001:000078ad       __ftbuf                    100088ad f   LIBCMT:_sftbuf.obj
 0001:000078d7       __filbuf                   100088d7 f   LIBCMT:_filbuf.obj
 0001:000079b3       __isctype                  100089b3 f   LIBCMT:isctype.obj
 0001:00007a30       __allmul                   10008a30 f   LIBCMT:llmul.obj
 0001:00007a64       __setmbcp                  10008a64 f   LIBCMT:mbctype.obj
 0001:00007e3c       __getmbcp                  10008e3c f   LIBCMT:mbctype.obj
 0001:00007e4c       ___initmbctable            10008e4c f   LIBCMT:mbctype.obj
 0001:00007e68       __mbsnbcpy                 10008e68 f   LIBCMT:mbsnbcpy.obj
 0001:00007f02       __cinit                    10008f02 f   LIBCMT:crt0dat.obj
 0001:00007f2f       _exit                      10008f2f f   LIBCMT:crt0dat.obj
 0001:00007f40       __exit                     10008f40 f   LIBCMT:crt0dat.obj
 0001:00007f51       __cexit                    10008f51 f   LIBCMT:crt0dat.obj
 0001:00007f60       __c_exit                   10008f60 f   LIBCMT:crt0dat.obj
 0001:00008014       __lockexit                 10009014 f   LIBCMT:crt0dat.obj
 0001:0000801d       __unlockexit               1000901d f   LIBCMT:crt0dat.obj
 0001:00008040       __mtinit                   10009040 f   LIBCMT:tidtable.obj
 0001:00008094       __mtterm                   10009094 f   LIBCMT:tidtable.obj
 0001:000080b2       __initptd                  100090b2 f   LIBCMT:tidtable.obj
 0001:000080c5       __getptd                   100090c5 f   LIBCMT:tidtable.obj
 0001:0000812c       __freeptd                  1000912c f   LIBCMT:tidtable.obj
 0001:000081cc       ___threadid                100091cc f   LIBCMT:tidtable.obj
 0001:000081d2       ___threadhandle            100091d2 f   LIBCMT:tidtable.obj
 0001:000081d8       __ioinit                   100091d8 f   LIBCMT:ioinit.obj
 0001:00008394       __ioterm                   10009394 f   LIBCMT:ioinit.obj
 0001:000083e8       __setenvp                  100093e8 f   LIBCMT:stdenvp.obj
 0001:000084a1       __setargv                  100094a1 f   LIBCMT:stdargv.obj
 0001:000086ee       ___crtGetEnvironmentStringsA 100096ee f   LIBCMT:a_env.obj
 0001:00008820       __FF_MSGBANNER             10009820 f   LIBCMT:crt0msg.obj
 0001:00008859       __NMSG_WRITE               10009859 f   LIBCMT:crt0msg.obj
 0001:000089ac       __GET_RTERRMSG             100099ac f   LIBCMT:crt0msg.obj
 0001:000089dd       _calloc                    100099dd f   LIBCMT:calloc.obj
 0001:00008b1a       __fcloseall                10009b1a f   LIBCMT:closeall.obj
 0001:00008b9b       __dosmaperr                10009b9b f   LIBCMT:dosmap.obj
 0001:00008c0e       __errno                    10009c0e f   LIBCMT:dosmap.obj
 0001:00008c17       ___doserrno                10009c17 f   LIBCMT:dosmap.obj
 0001:00008c20       __alloc_osfhnd             10009c20 f   LIBCMT:osfinfo.obj
 0001:00008d43       __set_osfhnd               10009d43 f   LIBCMT:osfinfo.obj
 0001:00008dbf       __free_osfhnd              10009dbf f   LIBCMT:osfinfo.obj
 0001:00008e3e       __get_osfhandle            10009e3e f   LIBCMT:osfinfo.obj
 0001:00008e80       __open_osfhandle           10009e80 f   LIBCMT:osfinfo.obj
 0001:00008f27       __lock_fhandle             10009f27 f   LIBCMT:osfinfo.obj
 0001:00008f86       __unlock_fhandle           10009f86 f   LIBCMT:osfinfo.obj
 0001:00008fa8       __commit                   10009fa8 f   LIBCMT:commit.obj
 0001:0000903b       __lseek                    1000a03b f   LIBCMT:lseek.obj
 0001:000090a0       __lseek_lk                 1000a0a0 f   LIBCMT:lseek.obj
 0001:00009113       __getbuf                   1000a113 f   LIBCMT:_getbuf.obj
 0001:00009157       __isatty                   1000a157 f   LIBCMT:isatty.obj
 0001:00009180       _wctomb                    1000a180 f   LIBCMT:wctomb.obj
 0001:000091d9       __wctomb_lk                1000a1d9 f   LIBCMT:wctomb.obj
 0001:00009250       __aulldiv                  1000a250 f   LIBCMT:ulldiv.obj
 0001:000092c0       __aullrem                  1000a2c0 f   LIBCMT:ullrem.obj
 0001:00009335       __open                     1000a335 f   LIBCMT:open.obj
 0001:0000934c       __sopen                    1000a34c f   LIBCMT:open.obj
 0001:0000961b       _strtol                    1000a61b f   LIBCMT:strtol.obj
 0001:00009837       _strtoul                   1000a837 f   LIBCMT:strtol.obj
 0001:00009860       _strchr                    1000a860 f   LIBCMT:strchr.obj
 0001:00009866       ___from_strstr_to_strchr   1000a866 f   LIBCMT:strchr.obj
 0001:00009920       _strstr                    1000a920 f   LIBCMT:strstr.obj
 0001:000099a0       _strncmp                   1000a9a0 f   LIBCMT:strncmp.obj
 0001:000099e0       _memmove                   1000a9e0 f   LIBCMT:memmove.obj
 0001:00009d15       __read                     1000ad15 f   LIBCMT:read.obj
 0001:00009d7a       __read_lk                  1000ad7a f   LIBCMT:read.obj
 0001:00009f53       ___crtGetStringTypeA       1000af53 f   LIBCMT:a_str.obj
 0001:0000a09c       ___crtLCMapStringA         1000b09c f   LIBCMT:a_map.obj
 0001:0000a2f0       _strncpy                   1000b2f0 f   LIBCMT:strncpy.obj
 0001:0000a3ee       __XcptFilter               1000b3ee f   LIBCMT:winxfltr.obj
 0001:0000a566       ___crtMessageBoxA          1000b566 f   LIBCMT:crtmbox.obj
 0001:0000a5ef       __fptrap                   1000b5ef f   LIBCMT:crt0fp.obj
 0001:0000a5f8       _setlocale                 1000b5f8 f   LIBCMT:setlocal.obj
 0001:0000aa12       __expandlocale             1000ba12 f   LIBCMT:setlocal.obj
 0001:0000ab2a       ___init_dummy              1000bb2a f   LIBCMT:setlocal.obj
 0001:0000ab2d       __strcats                  1000bb2d f   LIBCMT:setlocal.obj
 0001:0000ab52       ___lc_strtolc              1000bb52 f   LIBCMT:setlocal.obj
 0001:0000ac1e       ___lc_lctostr              1000bc1e f   LIBCMT:setlocal.obj
 0001:0000ac71       __chsize                   1000bc71 f   LIBCMT:chsize.obj
 0001:0000acca       __chsize_lk                1000bcca f   LIBCMT:chsize.obj
 0001:0000adef       __toupper                  1000bdef f   LIBCMT:toupper.obj
 0001:0000adf7       _toupper                   1000bdf7 f   LIBCMT:toupper.obj
 0001:0000ae66       __toupper_lk               1000be66 f   LIBCMT:toupper.obj
 0001:0000af32       ___init_time               1000bf32 f   LIBCMT:inittime.obj
 0001:0000b4a1       ___init_numeric            1000c4a1 f   LIBCMT:initnum.obj
 0001:0000b6ad       ___init_monetary           1000c6ad f   LIBCMT:initmon.obj
 0001:0000b91f       ___init_ctype              1000c91f f   LIBCMT:initctyp.obj
 0001:0000bb64       ___init_collate            1000cb64 f   LIBCMT:initcoll.obj
 0001:0000bb70       _strpbrk                   1000cb70 f   LIBCMT:strpbrk.obj
 0001:0000bbaa       ___get_qualified_locale    1000cbaa f   LIBCMT:getqloc.obj
 0001:0000c451       __setmode                  1000d451 f   LIBCMT:setmode.obj
 0001:0000c4aa       __setmode_lk               1000d4aa f   LIBCMT:setmode.obj
 0001:0000c50b       __Getdays                  1000d50b f   LIBCMT:strftime.obj
 0001:0000c59a       __Getmonths                1000d59a f   LIBCMT:strftime.obj
 0001:0000c62f       __Gettnames                1000d62f f   LIBCMT:strftime.obj
 0001:0000c861       _strftime                  1000d861 f   LIBCMT:strftime.obj
 0001:0000c87c       __Strftime                 1000d87c f   LIBCMT:strftime.obj
 0001:0000d152       ___getlocaleinfo           1000e152 f   LIBCMT:inithelp.obj
 0001:0000d28a       _localeconv                1000e28a f   LIBCMT:lconv.obj
 0001:0000d290       ___crtGetStringTypeW       1000e290 f   LIBCMT:w_str.obj
 0001:0000d455       __itoa                     1000e455 f   LIBCMT:xtoa.obj
 0001:0000d4de       __ltoa                     1000e4de f   LIBCMT:xtoa.obj
 0001:0000d508       __ultoa                    1000e508 f   LIBCMT:xtoa.obj
 0001:0000d523       __i64toa                   1000e523 f   LIBCMT:xtoa.obj
 0001:0000d5da       __ui64toa                  1000e5da f   LIBCMT:xtoa.obj
 0001:0000d600       __stricmp                  1000e600 f   LIBCMT:stricmp.obj
 0001:0000d600       __strcmpi                  1000e600 f   LIBCMT:stricmp.obj
 0001:0000d6d0       __strnicmp                 1000e6d0 f   LIBCMT:strnicmp.obj
 0001:0000d7d1       ___tzset                   1000e7d1 f   LIBCMT:tzset.obj
 0001:0000d7ff       __tzset                    1000e7ff f   LIBCMT:tzset.obj
 0001:0000da9c       __isindst                  1000ea9c f   LIBCMT:tzset.obj
 0001:0000dda9       ___crtGetLocaleInfoW       1000eda9 f   LIBCMT:w_loc.obj
 0001:0000debc       ___crtGetLocaleInfoA       1000eebc f   LIBCMT:a_loc.obj
 0001:0000dfda       __tolower                  1000efda f   LIBCMT:tolower.obj
 0001:0000dfe2       _tolower                   1000efe2 f   LIBCMT:tolower.obj
 0001:0000e051       __tolower_lk               1000f051 f   LIBCMT:tolower.obj
 0001:0000e11c       _getenv                    1000f11c f   LIBCMT:getenv.obj
 0001:0000e13d       __getenv_lk                1000f13d f   LIBCMT:getenv.obj
 0001:0000e1ba       __mbsnbicoll               1000f1ba f   LIBCMT:mbsnbico.obj
 0001:0000e1f9       ___wtomb_environ           1000f1f9 f   LIBCMT:wtombenv.obj
 0001:0000e267       ___crtCompareStringA       1000f267 f   LIBCMT:a_cmp.obj
 0001:0000e50f       ___crtsetenv               1000f50f f   LIBCMT:setenv.obj
 0001:0000e755       _realloc                   1000f755 f   LIBCMT:realloc.obj
 0001:0000ea84       __mbschr                   1000fa84 f   LIBCMT:mbschr.obj
 0001:0000eb1b       __strdup                   1000fb1b f   LIBCMT:strdup.obj
 0001:0000eb46       _HeapAlloc@12              1000fb46 f   kernel32:KERNEL32.dll
 0001:0000eb4c       _HeapFree@12               1000fb4c f   kernel32:KERNEL32.dll
 0001:0000eb52       _GetCommandLineA@0         1000fb52 f   kernel32:KERNEL32.dll
 0001:0000eb58       _GetVersion@0              1000fb58 f   kernel32:KERNEL32.dll
 0001:0000eb5e       _EnterCriticalSection@4    1000fb5e f   kernel32:KERNEL32.dll
 0001:0000eb64       _LeaveCriticalSection@4    1000fb64 f   kernel32:KERNEL32.dll
 0001:0000eb6a       _WriteFile@20              1000fb6a f   kernel32:KERNEL32.dll
 0001:0000eb70       _InitializeCriticalSection@4 1000fb70 f   kernel32:KERNEL32.dll
 0001:0000eb76       _GetModuleHandleA@4        1000fb76 f   kernel32:KERNEL32.dll
 0001:0000eb7c       _GetModuleFileNameA@12     1000fb7c f   kernel32:KERNEL32.dll
 0001:0000eb82       _GetEnvironmentVariableA@12 1000fb82 f   kernel32:KERNEL32.dll
 0001:0000eb88       _GetVersionExA@4           1000fb88 f   kernel32:KERNEL32.dll
 0001:0000eb8e       _HeapDestroy@4             1000fb8e f   kernel32:KERNEL32.dll
 0001:0000eb94       _HeapCreate@12             1000fb94 f   kernel32:KERNEL32.dll
 0001:0000eb9a       _VirtualFree@12            1000fb9a f   kernel32:KERNEL32.dll
 0001:0000eba0       _VirtualAlloc@16           1000fba0 f   kernel32:KERNEL32.dll
 0001:0000eba6       _HeapReAlloc@16            1000fba6 f   kernel32:KERNEL32.dll
 0001:0000ebac       _IsBadWritePtr@8           1000fbac f   kernel32:KERNEL32.dll
 0001:0000ebb2       _DeleteCriticalSection@4   1000fbb2 f   kernel32:KERNEL32.dll
 0001:0000ebb8       _ExitProcess@4             1000fbb8 f   kernel32:KERNEL32.dll
 0001:0000ebbe       _FatalAppExitA@8           1000fbbe f   kernel32:KERNEL32.dll
 0001:0000ebc4       _RtlUnwind@16              1000fbc4 f   kernel32:KERNEL32.dll
 0001:0000ebca       _GetCPInfo@8               1000fbca f   kernel32:KERNEL32.dll
 0001:0000ebd0       _GetACP@0                  1000fbd0 f   kernel32:KERNEL32.dll
 0001:0000ebd6       _GetOEMCP@0                1000fbd6 f   kernel32:KERNEL32.dll
 0001:0000ebdc       _TerminateProcess@8        1000fbdc f   kernel32:KERNEL32.dll
 0001:0000ebe2       _GetCurrentProcess@0       1000fbe2 f   kernel32:KERNEL32.dll
 0001:0000ebe8       _TlsSetValue@8             1000fbe8 f   kernel32:KERNEL32.dll
 0001:0000ebee       _TlsAlloc@0                1000fbee f   kernel32:KERNEL32.dll
 0001:0000ebf4       _TlsFree@4                 1000fbf4 f   kernel32:KERNEL32.dll
 0001:0000ebfa       _SetLastError@4            1000fbfa f   kernel32:KERNEL32.dll
 0001:0000ec00       _TlsGetValue@4             1000fc00 f   kernel32:KERNEL32.dll
 0001:0000ec06       _GetCurrentThread@0        1000fc06 f   kernel32:KERNEL32.dll
 0001:0000ec0c       _SetHandleCount@4          1000fc0c f   kernel32:KERNEL32.dll
 0001:0000ec12       _GetStdHandle@4            1000fc12 f   kernel32:KERNEL32.dll
 0001:0000ec18       _GetFileType@4             1000fc18 f   kernel32:KERNEL32.dll
 0001:0000ec1e       _GetStartupInfoA@4         1000fc1e f   kernel32:KERNEL32.dll
 0001:0000ec24       _FreeEnvironmentStringsA@4 1000fc24 f   kernel32:KERNEL32.dll
 0001:0000ec2a       _FreeEnvironmentStringsW@4 1000fc2a f   kernel32:KERNEL32.dll
 0001:0000ec30       _WideCharToMultiByte@32    1000fc30 f   kernel32:KERNEL32.dll
 0001:0000ec36       _GetEnvironmentStrings@0   1000fc36 f   kernel32:KERNEL32.dll
 0001:0000ec3c       _GetEnvironmentStringsW@0  1000fc3c f   kernel32:KERNEL32.dll
 0001:0000ec42       _SetStdHandle@8            1000fc42 f   kernel32:KERNEL32.dll
 0001:0000ec48       _FlushFileBuffers@4        1000fc48 f   kernel32:KERNEL32.dll
 0001:0000ec4e       _SetFilePointer@16         1000fc4e f   kernel32:KERNEL32.dll
 0001:0000ec54       _InterlockedDecrement@4    1000fc54 f   kernel32:KERNEL32.dll
 0001:0000ec5a       _InterlockedIncrement@4    1000fc5a f   kernel32:KERNEL32.dll
 0001:0000ec60       _CreateFileA@28            1000fc60 f   kernel32:KERNEL32.dll
 0001:0000ec66       _ReadFile@20               1000fc66 f   kernel32:KERNEL32.dll
 0001:0000ec6c       _MultiByteToWideChar@24    1000fc6c f   kernel32:KERNEL32.dll
 0001:0000ec72       _GetStringTypeA@20         1000fc72 f   kernel32:KERNEL32.dll
 0001:0000ec78       _GetStringTypeW@16         1000fc78 f   kernel32:KERNEL32.dll
 0001:0000ec7e       _LCMapStringA@24           1000fc7e f   kernel32:KERNEL32.dll
 0001:0000ec84       _LCMapStringW@24           1000fc84 f   kernel32:KERNEL32.dll
 0001:0000ec8a       _UnhandledExceptionFilter@4 1000fc8a f   kernel32:KERNEL32.dll
 0001:0000ec90       _GetProcAddress@8          1000fc90 f   kernel32:KERNEL32.dll
 0001:0000ec96       _LoadLibraryA@4            1000fc96 f   kernel32:KERNEL32.dll
 0001:0000ec9c       _Sleep@4                   1000fc9c f   kernel32:KERNEL32.dll
 0001:0000eca2       _SetEndOfFile@4            1000fca2 f   kernel32:KERNEL32.dll
 0001:0000eca8       _IsValidLocale@8           1000fca8 f   kernel32:KERNEL32.dll
 0001:0000ecae       _IsValidCodePage@4         1000fcae f   kernel32:KERNEL32.dll
 0001:0000ecb4       _GetLocaleInfoA@16         1000fcb4 f   kernel32:KERNEL32.dll
 0001:0000ecba       _EnumSystemLocalesA@8      1000fcba f   kernel32:KERNEL32.dll
 0001:0000ecc0       _GetUserDefaultLCID@0      1000fcc0 f   kernel32:KERNEL32.dll
 0001:0000ecc6       _GetTimeZoneInformation@4  1000fcc6 f   kernel32:KERNEL32.dll
 0001:0000eccc       _GetLocaleInfoW@16         1000fccc f   kernel32:KERNEL32.dll
 0001:0000ecd2       _CompareStringA@24         1000fcd2 f   kernel32:KERNEL32.dll
 0001:0000ecd8       _CompareStringW@24         1000fcd8 f   kernel32:KERNEL32.dll
 0001:0000ecde       _SetEnvironmentVariableA@8 1000fcde f   kernel32:KERNEL32.dll
 0002:00000000       __imp__CreateMutexA@12     10010000     kernel32:KERNEL32.dll
 0002:00000004       __imp__GetLocalTime@4      10010004     kernel32:KERNEL32.dll
 0002:00000008       __imp__GetCurrentThreadId@0 10010008     kernel32:KERNEL32.dll
 0002:0000000c       __imp__CloseHandle@4       1001000c     kernel32:KERNEL32.dll
 0002:00000010       __imp__MapViewOfFile@20    10010010     kernel32:KERNEL32.dll
 0002:00000014       __imp__OpenFileMappingA@12 10010014     kernel32:KERNEL32.dll
 0002:00000018       __imp__UnmapViewOfFile@4   10010018     kernel32:KERNEL32.dll
 0002:0000001c       __imp__ReleaseMutex@4      1001001c     kernel32:KERNEL32.dll
 0002:00000020       __imp__WaitForSingleObject@8 10010020     kernel32:KERNEL32.dll
 0002:00000024       __imp__LocalFree@4         10010024     kernel32:KERNEL32.dll
 0002:00000028       __imp__FormatMessageA@28   10010028     kernel32:KERNEL32.dll
 0002:0000002c       __imp__GetLastError@0      1001002c     kernel32:KERNEL32.dll
 0002:00000030       __imp__CompareStringW@24   10010030     kernel32:KERNEL32.dll
 0002:00000034       __imp__CompareStringA@24   10010034     kernel32:KERNEL32.dll
 0002:00000038       __imp__GetLocaleInfoW@16   10010038     kernel32:KERNEL32.dll
 0002:0000003c       __imp__GetTimeZoneInformation@4 1001003c     kernel32:KERNEL32.dll
 0002:00000040       __imp__HeapAlloc@12        10010040     kernel32:KERNEL32.dll
 0002:00000044       __imp__HeapFree@12         10010044     kernel32:KERNEL32.dll
 0002:00000048       __imp__GetCommandLineA@0   10010048     kernel32:KERNEL32.dll
 0002:0000004c       __imp__GetVersion@0        1001004c     kernel32:KERNEL32.dll
 0002:00000050       __imp__EnterCriticalSection@4 10010050     kernel32:KERNEL32.dll
 0002:00000054       __imp__LeaveCriticalSection@4 10010054     kernel32:KERNEL32.dll
 0002:00000058       __imp__WriteFile@20        10010058     kernel32:KERNEL32.dll
 0002:0000005c       __imp__InitializeCriticalSection@4 1001005c     kernel32:KERNEL32.dll
 0002:00000060       __imp__GetModuleHandleA@4  10010060     kernel32:KERNEL32.dll
 0002:00000064       __imp__GetModuleFileNameA@12 10010064     kernel32:KERNEL32.dll
 0002:00000068       __imp__GetEnvironmentVariableA@12 10010068     kernel32:KERNEL32.dll
 0002:0000006c       __imp__GetVersionExA@4     1001006c     kernel32:KERNEL32.dll
 0002:00000070       __imp__HeapDestroy@4       10010070     kernel32:KERNEL32.dll
 0002:00000074       __imp__HeapCreate@12       10010074     kernel32:KERNEL32.dll
 0002:00000078       __imp__VirtualFree@12      10010078     kernel32:KERNEL32.dll
 0002:0000007c       __imp__VirtualAlloc@16     1001007c     kernel32:KERNEL32.dll
 0002:00000080       __imp__HeapReAlloc@16      10010080     kernel32:KERNEL32.dll
 0002:00000084       __imp__IsBadWritePtr@8     10010084     kernel32:KERNEL32.dll
 0002:00000088       __imp__DeleteCriticalSection@4 10010088     kernel32:KERNEL32.dll
 0002:0000008c       __imp__ExitProcess@4       1001008c     kernel32:KERNEL32.dll
 0002:00000090       __imp__FatalAppExitA@8     10010090     kernel32:KERNEL32.dll
 0002:00000094       __imp__RtlUnwind@16        10010094     kernel32:KERNEL32.dll
 0002:00000098       __imp__GetCPInfo@8         10010098     kernel32:KERNEL32.dll
 0002:0000009c       __imp__GetACP@0            1001009c     kernel32:KERNEL32.dll
 0002:000000a0       __imp__GetOEMCP@0          100100a0     kernel32:KERNEL32.dll
 0002:000000a4       __imp__TerminateProcess@8  100100a4     kernel32:KERNEL32.dll
 0002:000000a8       __imp__GetCurrentProcess@0 100100a8     kernel32:KERNEL32.dll
 0002:000000ac       __imp__TlsSetValue@8       100100ac     kernel32:KERNEL32.dll
 0002:000000b0       __imp__TlsAlloc@0          100100b0     kernel32:KERNEL32.dll
 0002:000000b4       __imp__TlsFree@4           100100b4     kernel32:KERNEL32.dll
 0002:000000b8       __imp__SetLastError@4      100100b8     kernel32:KERNEL32.dll
 0002:000000bc       __imp__TlsGetValue@4       100100bc     kernel32:KERNEL32.dll
 0002:000000c0       __imp__GetCurrentThread@0  100100c0     kernel32:KERNEL32.dll
 0002:000000c4       __imp__SetHandleCount@4    100100c4     kernel32:KERNEL32.dll
 0002:000000c8       __imp__GetStdHandle@4      100100c8     kernel32:KERNEL32.dll
 0002:000000cc       __imp__GetFileType@4       100100cc     kernel32:KERNEL32.dll
 0002:000000d0       __imp__GetStartupInfoA@4   100100d0     kernel32:KERNEL32.dll
 0002:000000d4       __imp__FreeEnvironmentStringsA@4 100100d4     kernel32:KERNEL32.dll
 0002:000000d8       __imp__FreeEnvironmentStringsW@4 100100d8     kernel32:KERNEL32.dll
 0002:000000dc       __imp__WideCharToMultiByte@32 100100dc     kernel32:KERNEL32.dll
 0002:000000e0       __imp__GetEnvironmentStrings@0 100100e0     kernel32:KERNEL32.dll
 0002:000000e4       __imp__GetEnvironmentStringsW@0 100100e4     kernel32:KERNEL32.dll
 0002:000000e8       __imp__SetStdHandle@8      100100e8     kernel32:KERNEL32.dll
 0002:000000ec       __imp__FlushFileBuffers@4  100100ec     kernel32:KERNEL32.dll
 0002:000000f0       __imp__SetFilePointer@16   100100f0     kernel32:KERNEL32.dll
 0002:000000f4       __imp__InterlockedDecrement@4 100100f4     kernel32:KERNEL32.dll
 0002:000000f8       __imp__InterlockedIncrement@4 100100f8     kernel32:KERNEL32.dll
 0002:000000fc       __imp__CreateFileA@28      100100fc     kernel32:KERNEL32.dll
 0002:00000100       __imp__ReadFile@20         10010100     kernel32:KERNEL32.dll
 0002:00000104       __imp__MultiByteToWideChar@24 10010104     kernel32:KERNEL32.dll
 0002:00000108       __imp__GetStringTypeA@20   10010108     kernel32:KERNEL32.dll
 0002:0000010c       __imp__GetStringTypeW@16   1001010c     kernel32:KERNEL32.dll
 0002:00000110       __imp__LCMapStringA@24     10010110     kernel32:KERNEL32.dll
 0002:00000114       __imp__LCMapStringW@24     10010114     kernel32:KERNEL32.dll
 0002:00000118       __imp__UnhandledExceptionFilter@4 10010118     kernel32:KERNEL32.dll
 0002:0000011c       __imp__GetProcAddress@8    1001011c     kernel32:KERNEL32.dll
 0002:00000120       __imp__LoadLibraryA@4      10010120     kernel32:KERNEL32.dll
 0002:00000124       __imp__Sleep@4             10010124     kernel32:KERNEL32.dll
 0002:00000128       __imp__SetEndOfFile@4      10010128     kernel32:KERNEL32.dll
 0002:0000012c       __imp__IsValidLocale@8     1001012c     kernel32:KERNEL32.dll
 0002:00000130       __imp__IsValidCodePage@4   10010130     kernel32:KERNEL32.dll
 0002:00000134       __imp__GetLocaleInfoA@16   10010134     kernel32:KERNEL32.dll
 0002:00000138       __imp__EnumSystemLocalesA@8 10010138     kernel32:KERNEL32.dll
 0002:0000013c       __imp__GetUserDefaultLCID@0 1001013c     kernel32:KERNEL32.dll
 0002:00000140       __imp__SetEnvironmentVariableA@8 10010140     kernel32:KERNEL32.dll
 0002:00000144       \177KERNEL32_NULL_THUNK_DATA 10010144     kernel32:KERNEL32.dll
 0002:00000148       __imp__PostThreadMessageA@16 10010148     user32:USER32.dll
 0002:0000014c       __imp__GetTopWindow@4      1001014c     user32:USER32.dll
 0002:00000150       __imp__PostMessageA@16     10010150     user32:USER32.dll
 0002:00000154       \177USER32_NULL_THUNK_DATA 10010154     user32:USER32.dll
 0002:000001b0       ___lookuptable             100101b0     LIBCMT:output.obj
 0002:0000020c       ??_C@_1O@POHA@?$AA?$CI?$AAn?$AAu?$AAl?$AAl?$AA?$CJ?$AA?$AA@ 1001020c     LIBCMT:output.obj
 0002:0000021c       ??_C@_06ONKE@?$CInull?$CJ?$AA@ 1001021c     LIBCMT:output.obj
 0002:00000224       ??_C@_0BH@PHHF@__GLOBAL_HEAP_SELECTED?$AA@ 10010224     LIBCMT:heapinit.obj
 0002:0000023c       ??_C@_0BF@BBGL@__MSVCRT_HEAP_SELECT?$AA@ 1001023c     LIBCMT:heapinit.obj
 0002:00000254       ??_C@_0P@GGKG@runtime?5error?5?$AA@ 10010254     LIBCMT:crt0msg.obj
 0002:00000264       ??_C@_02PIMC@?$AN?6?$AA@   10010264     LIBCMT:crt0msg.obj
 0002:00000268       ??_C@_0O@DELO@TLOSS?5error?$AN?6?$AA@ 10010268     LIBCMT:crt0msg.obj
 0002:00000278       ??_C@_0N@OMLL@SING?5error?$AN?6?$AA@ 10010278     LIBCMT:crt0msg.obj
 0002:00000288       ??_C@_0P@OJAK@DOMAIN?5error?$AN?6?$AA@ 10010288     LIBCMT:crt0msg.obj
 0002:00000298       ??_C@_0CF@EANP@R6028?$AN?6?9?5unable?5to?5initialize?5he@ 10010298     LIBCMT:crt0msg.obj
 0002:000002c0       ??_C@_0DF@ECGN@R6027?$AN?6?9?5not?5enough?5space?5for?5lo@ 100102c0     LIBCMT:crt0msg.obj
 0002:000002f8       ??_C@_0DF@FKAC@R6026?$AN?6?9?5not?5enough?5space?5for?5st@ 100102f8     LIBCMT:crt0msg.obj
 0002:00000330       ??_C@_0CG@DPMN@R6025?$AN?6?9?5pure?5virtual?5function?5c@ 10010330     LIBCMT:crt0msg.obj
 0002:00000358       ??_C@_0DF@CKIP@R6024?$AN?6?9?5not?5enough?5space?5for?5_o@ 10010358     LIBCMT:crt0msg.obj
 0002:00000390       ??_C@_0CJ@GGOE@R6019?$AN?6?9?5unable?5to?5open?5console?5@ 10010390     LIBCMT:crt0msg.obj
 0002:000003bc       ??_C@_0CB@LBOB@R6018?$AN?6?9?5unexpected?5heap?5error?$AN?6@ 100103bc     LIBCMT:crt0msg.obj
 0002:000003e0       ??_C@_0CN@FPEG@R6017?$AN?6?9?5unexpected?5multithread?5@ 100103e0     LIBCMT:crt0msg.obj
 0002:00000410       ??_C@_0CM@OBIC@R6016?$AN?6?9?5not?5enough?5space?5for?5th@ 10010410     LIBCMT:crt0msg.obj
 0002:0000043c       ??_C@_0CB@HPAL@?$AN?6abnormal?5program?5termination?$AN?6@ 1001043c     LIBCMT:crt0msg.obj
 0002:00000460       ??_C@_0CM@JOOB@R6009?$AN?6?9?5not?5enough?5space?5for?5en@ 10010460     LIBCMT:crt0msg.obj
 0002:0000048c       ??_C@_0CK@OIBL@R6008?$AN?6?9?5not?5enough?5space?5for?5ar@ 1001048c     LIBCMT:crt0msg.obj
 0002:000004b8       ??_C@_0CF@LKPB@R6002?$AN?6?9?5floating?5point?5not?5load@ 100104b8     LIBCMT:crt0msg.obj
 0002:000004e0       ??_C@_0CF@JPDF@Microsoft?5Visual?5C?$CL?$CL?5Runtime?5Lib@ 100104e0     LIBCMT:crt0msg.obj
 0002:00000508       ??_C@_02JJJH@?6?6?$AA@     10010508     LIBCMT:crt0msg.obj
 0002:0000050c       ??_C@_0BK@DEOK@Runtime?5Error?$CB?6?6Program?3?5?$AA@ 1001050c     LIBCMT:crt0msg.obj
 0002:00000528       ??_C@_03NAME@?4?4?4?$AA@   10010528     LIBCMT:crt0msg.obj
 0002:0000052c       ??_C@_0BH@NNCD@?$DMprogram?5name?5unknown?$DO?$AA@ 1001052c     LIBCMT:crt0msg.obj
 0002:00000560       ??_C@_01A@?$AA?$AA@        10010560     LIBCMT:a_str.obj
 0002:00000564       ??_C@_13A@?$AA?$AA?$AA?$AA@ 10010564     LIBCMT:a_str.obj
 0002:00000590       ??_C@_0BD@NJFP@GetLastActivePopup?$AA@ 10010590     LIBCMT:crtmbox.obj
 0002:000005a4       ??_C@_0BA@GILI@GetActiveWindow?$AA@ 100105a4     LIBCMT:crtmbox.obj
 0002:000005b4       ??_C@_0M@PKCK@MessageBoxA?$AA@ 100105b4     LIBCMT:crtmbox.obj
 0002:000005c0       ??_C@_0L@HKL@user32?4dll?$AA@ 100105c0     LIBCMT:crtmbox.obj
 0002:000005cc       ??_C@_07PCLE@LC_TIME?$AA@  100105cc     LIBCMT:setlocal.obj
 0002:000005d4       ??_C@_0L@NKG@LC_NUMERIC?$AA@ 100105d4     LIBCMT:setlocal.obj
 0002:000005e0       ??_C@_0M@CBIH@LC_MONETARY?$AA@ 100105e0     LIBCMT:setlocal.obj
 0002:000005ec       ??_C@_08LFGE@LC_CTYPE?$AA@ 100105ec     LIBCMT:setlocal.obj
 0002:000005f8       ??_C@_0L@CFLC@LC_COLLATE?$AA@ 100105f8     LIBCMT:setlocal.obj
 0002:00000604       ??_C@_06GCPK@LC_ALL?$AA@   10010604     LIBCMT:setlocal.obj
 0002:0000060c       ??_C@_01FAJB@?$DL?$AA@     1001060c     LIBCMT:setlocal.obj
 0002:00000610       ??_C@_02BGDO@?$DN?$DL?$AA@ 10010610     LIBCMT:setlocal.obj
 0002:00000614       ??_C@_01KPOD@?$DN?$AA@     10010614     LIBCMT:setlocal.obj
 0002:00000618       ??_C@_03DBOJ@_?4?0?$AA@    10010618     LIBCMT:setlocal.obj
 0002:0000061c       ??_C@_01PJCK@?4?$AA@       1001061c     LIBCMT:setlocal.obj
 0002:00000620       ??_C@_01NON@_?$AA@         10010620     LIBCMT:setlocal.obj
 0002:00000624       ??_C@_08OBJD@Paraguay?$AA@ 10010624     LIBCMT:getqloc.obj
 0002:00000630       ??_C@_07GLKH@Uruguay?$AA@  10010630     LIBCMT:getqloc.obj
 0002:00000638       ??_C@_05FPFC@Chile?$AA@    10010638     LIBCMT:getqloc.obj
 0002:00000640       ??_C@_07IIGF@Ecuador?$AA@  10010640     LIBCMT:getqloc.obj
 0002:00000648       ??_C@_09PKAL@Argentina?$AA@ 10010648     LIBCMT:getqloc.obj
 0002:00000654       ??_C@_04LKAH@Peru?$AA@     10010654     LIBCMT:getqloc.obj
 0002:0000065c       ??_C@_08NEEM@Colombia?$AA@ 1001065c     LIBCMT:getqloc.obj
 0002:00000668       ??_C@_09ODEB@Venezuela?$AA@ 10010668     LIBCMT:getqloc.obj
 0002:00000674       ??_C@_0BD@CLEL@Dominican?5Republic?$AA@ 10010674     LIBCMT:getqloc.obj
 0002:00000688       ??_C@_0N@MDGL@South?5Africa?$AA@ 10010688     LIBCMT:getqloc.obj
 0002:00000698       ??_C@_06NKBG@Panama?$AA@   10010698     LIBCMT:getqloc.obj
 0002:000006a0       ??_C@_0L@BMHO@Luxembourg?$AA@ 100106a0     LIBCMT:getqloc.obj
 0002:000006ac       ??_C@_0L@IMDK@Costa?5Rica?$AA@ 100106ac     LIBCMT:getqloc.obj
 0002:000006b8       ??_C@_0M@BLJF@Switzerland?$AA@ 100106b8     LIBCMT:getqloc.obj
 0002:000006c4       ??_C@_09KBOL@Guatemala?$AA@ 100106c4     LIBCMT:getqloc.obj
 0002:000006d0       ??_C@_06JNAK@Canada?$AA@   100106d0     LIBCMT:getqloc.obj
 0002:000006d8       ??_C@_0BG@OLLP@Spanish?5?9?5Modern?5Sort?$AA@ 100106d8     LIBCMT:getqloc.obj
 0002:000006f0       ??_C@_09IDKE@Australia?$AA@ 100106f0     LIBCMT:getqloc.obj
 0002:000006fc       ??_C@_07JJJJ@English?$AA@  100106fc     LIBCMT:getqloc.obj
 0002:00000704       ??_C@_07NMDO@Austria?$AA@  10010704     LIBCMT:getqloc.obj
 0002:0000070c       ??_C@_06DEFE@German?$AA@   1001070c     LIBCMT:getqloc.obj
 0002:00000714       ??_C@_07JAIH@Belgium?$AA@  10010714     LIBCMT:getqloc.obj
 0002:0000071c       ??_C@_06BNLJ@Mexico?$AA@   1001071c     LIBCMT:getqloc.obj
 0002:00000724       ??_C@_07JHAG@Spanish?$AA@  10010724     LIBCMT:getqloc.obj
 0002:0000072c       ??_C@_06DADE@Basque?$AA@   1001072c     LIBCMT:getqloc.obj
 0002:00000734       ??_C@_06ENFP@Sweden?$AA@   10010734     LIBCMT:getqloc.obj
 0002:0000073c       ??_C@_07JPMH@Swedish?$AA@  1001073c     LIBCMT:getqloc.obj
 0002:00000744       ??_C@_07IEKF@Iceland?$AA@  10010744     LIBCMT:getqloc.obj
 0002:0000074c       ??_C@_09KNEA@Icelandic?$AA@ 1001074c     LIBCMT:getqloc.obj
 0002:00000758       ??_C@_06IJOD@France?$AA@   10010758     LIBCMT:getqloc.obj
 0002:00000760       ??_C@_06EINI@French?$AA@   10010760     LIBCMT:getqloc.obj
 0002:00000768       ??_C@_07FOOE@Finland?$AA@  10010768     LIBCMT:getqloc.obj
 0002:00000770       ??_C@_07OJOM@Finnish?$AA@  10010770     LIBCMT:getqloc.obj
 0002:00000778       ??_C@_05FFAC@Spain?$AA@    10010778     LIBCMT:getqloc.obj
 0002:00000780       ??_C@_0BL@BIHM@Spanish?5?9?5Traditional?5Sort?$AA@ 10010780     LIBCMT:getqloc.obj
 0002:0000079c       ??_C@_0O@GLHB@united?9states?$AA@ 1001079c     LIBCMT:getqloc.obj
 0002:000007ac       ??_C@_0P@IIKK@united?9kingdom?$AA@ 100107ac     LIBCMT:getqloc.obj
 0002:000007bc       ??_C@_0BC@FHBO@trinidad?5?$CG?5tobago?$AA@ 100107bc     LIBCMT:getqloc.obj
 0002:000007d0       ??_C@_0M@BDFM@south?9korea?$AA@ 100107d0     LIBCMT:getqloc.obj
 0002:000007dc       ??_C@_0N@CKFA@south?9africa?$AA@ 100107dc     LIBCMT:getqloc.obj
 0002:000007ec       ??_C@_0M@HNHN@south?5korea?$AA@ 100107ec     LIBCMT:getqloc.obj
 0002:000007f8       ??_C@_0N@MKDO@south?5africa?$AA@ 100107f8     LIBCMT:getqloc.obj
 0002:00000808       ??_C@_06KFFJ@slovak?$AA@   10010808     LIBCMT:getqloc.obj
 0002:00000810       ??_C@_0M@NMAC@puerto?9rico?$AA@ 10010810     LIBCMT:getqloc.obj
 0002:0000081c       ??_C@_08EJOH@pr?9china?$AA@ 1001081c     LIBCMT:getqloc.obj
 0002:00000828       ??_C@_08CHMG@pr?5china?$AA@ 10010828     LIBCMT:getqloc.obj
 0002:00000834       ??_C@_02OCJK@nz?$AA@       10010834     LIBCMT:getqloc.obj
 0002:00000838       ??_C@_0M@MMKA@new?9zealand?$AA@ 10010838     LIBCMT:getqloc.obj
 0002:00000844       ??_C@_09MGEH@hong?9kong?$AA@ 10010844     LIBCMT:getqloc.obj
 0002:00000850       ??_C@_07CCAK@holland?$AA@  10010850     LIBCMT:getqloc.obj
 0002:00000858       ??_C@_0O@MEPL@great?5britain?$AA@ 10010858     LIBCMT:getqloc.obj
 0002:00000868       ??_C@_07LGIB@england?$AA@  10010868     LIBCMT:getqloc.obj
 0002:00000870       ??_C@_05BMOA@czech?$AA@    10010870     LIBCMT:getqloc.obj
 0002:00000878       ??_C@_05NMPB@china?$AA@    10010878     LIBCMT:getqloc.obj
 0002:00000880       ??_C@_07GN@britain?$AA@    10010880     LIBCMT:getqloc.obj
 0002:00000888       ??_C@_07DLAK@america?$AA@  10010888     LIBCMT:getqloc.obj
 0002:00000890       ??_C@_03IPEP@usa?$AA@      10010890     LIBCMT:getqloc.obj
 0002:00000894       ??_C@_02PILH@us?$AA@       10010894     LIBCMT:getqloc.obj
 0002:00000898       ??_C@_02FHP@uk?$AA@        10010898     LIBCMT:getqloc.obj
 0002:0000089c       ??_C@_05DEAI@swiss?$AA@    1001089c     LIBCMT:getqloc.obj
 0002:000008a4       ??_C@_0BA@LIAF@swedish?9finland?$AA@ 100108a4     LIBCMT:getqloc.obj
 0002:000008b4       ??_C@_0BC@FMEG@spanish?9venezuela?$AA@ 100108b4     LIBCMT:getqloc.obj
 0002:000008c8       ??_C@_0BA@BNMG@spanish?9uruguay?$AA@ 100108c8     LIBCMT:getqloc.obj
 0002:000008d8       ??_C@_0BE@BKDJ@spanish?9puerto?5rico?$AA@ 100108d8     LIBCMT:getqloc.obj
 0002:000008ec       ??_C@_0N@JIBL@spanish?9peru?$AA@ 100108ec     LIBCMT:getqloc.obj
 0002:000008fc       ??_C@_0BB@OGOF@spanish?9paraguay?$AA@ 100108fc     LIBCMT:getqloc.obj
 0002:00000910       ??_C@_0P@LLFA@spanish?9panama?$AA@ 10010910     LIBCMT:getqloc.obj
 0002:00000920       ??_C@_0BC@BBJM@spanish?9nicaragua?$AA@ 10010920     LIBCMT:getqloc.obj
 0002:00000934       ??_C@_0P@NJBN@spanish?9modern?$AA@ 10010934     LIBCMT:getqloc.obj
 0002:00000944       ??_C@_0BA@NHDN@spanish?9mexican?$AA@ 10010944     LIBCMT:getqloc.obj
 0002:00000954       ??_C@_0BB@JHOJ@spanish?9honduras?$AA@ 10010954     LIBCMT:getqloc.obj
 0002:00000968       ??_C@_0BC@BOOM@spanish?9guatemala?$AA@ 10010968     LIBCMT:getqloc.obj
 0002:0000097c       ??_C@_0BE@EELI@spanish?9el?5salvador?$AA@ 1001097c     LIBCMT:getqloc.obj
 0002:00000990       ??_C@_0BA@POAE@spanish?9ecuador?$AA@ 10010990     LIBCMT:getqloc.obj
 0002:000009a0       ??_C@_0BL@LDKN@spanish?9dominican?5republic?$AA@ 100109a0     LIBCMT:getqloc.obj
 0002:000009bc       ??_C@_0BD@HPMH@spanish?9costa?5rica?$AA@ 100109bc     LIBCMT:getqloc.obj
 0002:000009d0       ??_C@_0BB@NDDK@spanish?9colombia?$AA@ 100109d0     LIBCMT:getqloc.obj
 0002:000009e4       ??_C@_0O@BJHA@spanish?9chile?$AA@ 100109e4     LIBCMT:getqloc.obj
 0002:000009f4       ??_C@_0BA@OBNG@spanish?9bolivia?$AA@ 100109f4     LIBCMT:getqloc.obj
 0002:00000a04       ??_C@_0BC@EFAM@spanish?9argentina?$AA@ 10010a04     LIBCMT:getqloc.obj
 0002:00000a18       ??_C@_0BF@KMMM@portuguese?9brazilian?$AA@ 10010a18     LIBCMT:getqloc.obj
 0002:00000a30       ??_C@_0BC@BAAE@norwegian?9nynorsk?$AA@ 10010a30     LIBCMT:getqloc.obj
 0002:00000a44       ??_C@_0BB@PBHK@norwegian?9bokmal?$AA@ 10010a44     LIBCMT:getqloc.obj
 0002:00000a58       ??_C@_09EHKL@norwegian?$AA@ 10010a58     LIBCMT:getqloc.obj
 0002:00000a64       ??_C@_0O@BEAN@italian?9swiss?$AA@ 10010a64     LIBCMT:getqloc.obj
 0002:00000a74       ??_C@_0O@OIFK@irish?9english?$AA@ 10010a74     LIBCMT:getqloc.obj
 0002:00000a84       ??_C@_0N@NBPL@german?9swiss?$AA@ 10010a84     LIBCMT:getqloc.obj
 0002:00000a94       ??_C@_0BC@ICFJ@german?9luxembourg?$AA@ 10010a94     LIBCMT:getqloc.obj
 0002:00000aa8       ??_C@_0BE@GGPC@german?9lichtenstein?$AA@ 10010aa8     LIBCMT:getqloc.obj
 0002:00000abc       ??_C@_0BA@MKDC@german?9austrian?$AA@ 10010abc     LIBCMT:getqloc.obj
 0002:00000acc       ??_C@_0N@ODNB@french?9swiss?$AA@ 10010acc     LIBCMT:getqloc.obj
 0002:00000adc       ??_C@_0BC@MGCM@french?9luxembourg?$AA@ 10010adc     LIBCMT:getqloc.obj
 0002:00000af0       ??_C@_0BA@NABK@french?9canadian?$AA@ 10010af0     LIBCMT:getqloc.obj
 0002:00000b00       ??_C@_0P@CJNO@french?9belgian?$AA@ 10010b00     LIBCMT:getqloc.obj
 0002:00000b10       ??_C@_0M@LJOL@english?9usa?$AA@ 10010b10     LIBCMT:getqloc.obj
 0002:00000b1c       ??_C@_0L@FMNC@english?9us?$AA@ 10010b1c     LIBCMT:getqloc.obj
 0002:00000b28       ??_C@_0L@KBBK@english?9uk?$AA@ 10010b28     LIBCMT:getqloc.obj
 0002:00000b34       ??_C@_0BK@NDDE@english?9trinidad?5y?5tobago?$AA@ 10010b34     LIBCMT:getqloc.obj
 0002:00000b50       ??_C@_0BF@LKML@english?9south?5africa?$AA@ 10010b50     LIBCMT:getqloc.obj
 0002:00000b68       ??_C@_0L@EGPP@english?9nz?$AA@ 10010b68     LIBCMT:getqloc.obj
 0002:00000b74       ??_C@_0BA@HLH@english?9jamaica?$AA@ 10010b74     LIBCMT:getqloc.obj
 0002:00000b84       ??_C@_0M@PMJI@english?9ire?$AA@ 10010b84     LIBCMT:getqloc.obj
 0002:00000b90       ??_C@_0BC@HINE@english?9caribbean?$AA@ 10010b90     LIBCMT:getqloc.obj
 0002:00000ba4       ??_C@_0M@DCFH@english?9can?$AA@ 10010ba4     LIBCMT:getqloc.obj
 0002:00000bb0       ??_C@_0P@DGHK@english?9belize?$AA@ 10010bb0     LIBCMT:getqloc.obj
 0002:00000bc0       ??_C@_0M@FLHK@english?9aus?$AA@ 10010bc0     LIBCMT:getqloc.obj
 0002:00000bcc       ??_C@_0BB@HNCK@english?9american?$AA@ 10010bcc     LIBCMT:getqloc.obj
 0002:00000be0       ??_C@_0O@PAMI@dutch?9belgian?$AA@ 10010be0     LIBCMT:getqloc.obj
 0002:00000bf0       ??_C@_0BE@FPEJ@chinese?9traditional?$AA@ 10010bf0     LIBCMT:getqloc.obj
 0002:00000c04       ??_C@_0BC@CHFL@chinese?9singapore?$AA@ 10010c04     LIBCMT:getqloc.obj
 0002:00000c18       ??_C@_0BD@DCMH@chinese?9simplified?$AA@ 10010c18     LIBCMT:getqloc.obj
 0002:00000c2c       ??_C@_0BB@JMOE@chinese?9hongkong?$AA@ 10010c2c     LIBCMT:getqloc.obj
 0002:00000c40       ??_C@_07NGFN@chinese?$AA@  10010c40     LIBCMT:getqloc.obj
 0002:00000c48       ??_C@_03PCOI@chi?$AA@      10010c48     LIBCMT:getqloc.obj
 0002:00000c4c       ??_C@_03FIHP@chh?$AA@      10010c4c     LIBCMT:getqloc.obj
 0002:00000c50       ??_C@_08HFLO@canadian?$AA@ 10010c50     LIBCMT:getqloc.obj
 0002:00000c5c       ??_C@_07INIJ@belgian?$AA@  10010c5c     LIBCMT:getqloc.obj
 0002:00000c64       ??_C@_0L@LCCA@australian?$AA@ 10010c64     LIBCMT:getqloc.obj
 0002:00000c70       ??_C@_0BB@BJIO@american?9english?$AA@ 10010c70     LIBCMT:getqloc.obj
 0002:00000c84       ??_C@_0BB@DAGO@american?5english?$AA@ 10010c84     LIBCMT:getqloc.obj
 0002:00000c98       ??_C@_08HENB@american?$AA@ 10010c98     LIBCMT:getqloc.obj
 0002:00000ca4       ??_C@_03DGJE@OCP?$AA@      10010ca4     LIBCMT:getqloc.obj
 0002:00000ca8       ??_C@_03EKFG@ACP?$AA@      10010ca8     LIBCMT:getqloc.obj
 0002:00000cac       ??_C@_07CJME@H?3mm?3ss?$AA@ 10010cac     LIBCMT:strftime.obj
 0002:00000cb4       ??_C@_0BE@MHI@dddd?0?5MMMM?5dd?0?5yyyy?$AA@ 10010cb4     LIBCMT:strftime.obj
 0002:00000cc8       ??_C@_06HCAD@M?1d?1yy?$AA@ 10010cc8     LIBCMT:strftime.obj
 0002:00000cd0       ??_C@_02DBLP@PM?$AA@       10010cd0     LIBCMT:strftime.obj
 0002:00000cd4       ??_C@_02ENLM@AM?$AA@       10010cd4     LIBCMT:strftime.obj
 0002:00000cd8       ??_C@_08LIDF@December?$AA@ 10010cd8     LIBCMT:strftime.obj
 0002:00000ce4       ??_C@_08NJLI@November?$AA@ 10010ce4     LIBCMT:strftime.obj
 0002:00000cf0       ??_C@_07IAMM@October?$AA@  10010cf0     LIBCMT:strftime.obj
 0002:00000cf8       ??_C@_09MKGD@September?$AA@ 10010cf8     LIBCMT:strftime.obj
 0002:00000d04       ??_C@_06PADP@August?$AA@   10010d04     LIBCMT:strftime.obj
 0002:00000d0c       ??_C@_04PIJO@July?$AA@     10010d0c     LIBCMT:strftime.obj
 0002:00000d14       ??_C@_04ICFP@June?$AA@     10010d14     LIBCMT:strftime.obj
 0002:00000d1c       ??_C@_05JFGC@April?$AA@    10010d1c     LIBCMT:strftime.obj
 0002:00000d24       ??_C@_05FGPD@March?$AA@    10010d24     LIBCMT:strftime.obj
 0002:00000d2c       ??_C@_08PGBA@February?$AA@ 10010d2c     LIBCMT:strftime.obj
 0002:00000d38       ??_C@_07BPKJ@January?$AA@  10010d38     LIBCMT:strftime.obj
 0002:00000d40       ??_C@_03PGJO@Dec?$AA@      10010d40     LIBCMT:strftime.obj
 0002:00000d44       ??_C@_03PDLM@Nov?$AA@      10010d44     LIBCMT:strftime.obj
 0002:00000d48       ??_C@_03BLHK@Oct?$AA@      10010d48     LIBCMT:strftime.obj
 0002:00000d4c       ??_C@_03DPFM@Sep?$AA@      10010d4c     LIBCMT:strftime.obj
 0002:00000d50       ??_C@_03CMCH@Aug?$AA@      10010d50     LIBCMT:strftime.obj
 0002:00000d54       ??_C@_03OBKI@Jul?$AA@      10010d54     LIBCMT:strftime.obj
 0002:00000d58       ??_C@_03LEIG@Jun?$AA@      10010d58     LIBCMT:strftime.obj
 0002:00000d5c       ??_C@_03MGHB@May?$AA@      10010d5c     LIBCMT:strftime.obj
 0002:00000d60       ??_C@_03MJJM@Apr?$AA@      10010d60     LIBCMT:strftime.obj
 0002:00000d64       ??_C@_03GNHA@Mar?$AA@      10010d64     LIBCMT:strftime.obj
 0002:00000d68       ??_C@_03PICE@Feb?$AA@      10010d68     LIBCMT:strftime.obj
 0002:00000d6c       ??_C@_03IEIF@Jan?$AA@      10010d6c     LIBCMT:strftime.obj
 0002:00000d70       ??_C@_08FAKH@Saturday?$AA@ 10010d70     LIBCMT:strftime.obj
 0002:00000d7c       ??_C@_06ONCK@Friday?$AA@   10010d7c     LIBCMT:strftime.obj
 0002:00000d84       ??_C@_08CCFO@Thursday?$AA@ 10010d84     LIBCMT:strftime.obj
 0002:00000d90       ??_C@_09PBIN@Wednesday?$AA@ 10010d90     LIBCMT:strftime.obj
 0002:00000d9c       ??_C@_07BMBC@Tuesday?$AA@  10010d9c     LIBCMT:strftime.obj
 0002:00000da4       ??_C@_06CHLK@Monday?$AA@   10010da4     LIBCMT:strftime.obj
 0002:00000dac       ??_C@_06OOEM@Sunday?$AA@   10010dac     LIBCMT:strftime.obj
 0002:00000db4       ??_C@_03MPKK@Sat?$AA@      10010db4     LIBCMT:strftime.obj
 0002:00000db8       ??_C@_03FINJ@Fri?$AA@      10010db8     LIBCMT:strftime.obj
 0002:00000dbc       ??_C@_03HIKC@Thu?$AA@      10010dbc     LIBCMT:strftime.obj
 0002:00000dc0       ??_C@_03HECK@Wed?$AA@      10010dc0     LIBCMT:strftime.obj
 0002:00000dc4       ??_C@_03ECCP@Tue?$AA@      10010dc4     LIBCMT:strftime.obj
 0002:00000dc8       ??_C@_03PIEP@Mon?$AA@      10010dc8     LIBCMT:strftime.obj
 0002:00000dcc       ??_C@_03FHEP@Sun?$AA@      10010dcc     LIBCMT:strftime.obj
 0002:00000dd0       ??_C@_03MKGK@a?1p?$AA@     10010dd0     LIBCMT:strftime.obj
 0002:00000dd4       ??_C@_05BDJK@am?1pm?$AA@   10010dd4     LIBCMT:strftime.obj
 0002:00000df8       ___dnames                  10010df8     LIBCMT:timeset.obj
 0002:00000e10       ___mnames                  10010e10     LIBCMT:timeset.obj
 0002:00000e38       ??_C@_02JHIA@TZ?$AA@       10010e38     LIBCMT:tzset.obj
 0002:00000e90       __IMPORT_DESCRIPTOR_KERNEL32 10010e90     kernel32:KERNEL32.dll
 0002:00000ea4       __IMPORT_DESCRIPTOR_USER32 10010ea4     user32:USER32.dll
 0002:00000eb8       __NULL_IMPORT_DESCRIPTOR   10010eb8     kernel32:KERNEL32.dll
 0003:00000000       ___xc_a                    10012000     LIBCMT:crt0init.obj
 0003:00000004       ___xc_z                    10012004     LIBCMT:crt0init.obj
 0003:00000008       ___xi_a                    10012008     LIBCMT:crt0init.obj
 0003:00000014       ___xi_z                    10012014     LIBCMT:crt0init.obj
 0003:00000018       ___xp_a                    10012018     LIBCMT:crt0init.obj
 0003:00000020       ___xp_z                    10012020     LIBCMT:crt0init.obj
 0003:00000024       ___xt_a                    10012024     LIBCMT:crt0init.obj
 0003:00000028       ___xt_z                    10012028     LIBCMT:crt0init.obj
 0003:00000030       _createlable               10012030     Comm.obj
 0003:000004f0       __aexit_rtn                100124f0     LIBCMT:dllcrt0.obj
 0003:000004f8       __iob                      100124f8     LIBCMT:_file.obj
 0003:00000778       ___nullstring              10012778     LIBCMT:output.obj
 0003:0000077c       ___wnullstring             1001277c     LIBCMT:output.obj
 0003:00000780       __amblksiz                 10012780     LIBCMT:heapinit.obj
 0003:00000788       ___old_small_block_heap    10012788     LIBCMT:sbheap.obj
 0003:000027ac       ___old_sbh_threshold       100147ac     LIBCMT:sbheap.obj
 0003:000027b0       __locktable                100147b0     LIBCMT:mlock.obj
 0003:00002870       __NLG_Destination          10014870     LIBCMT:exsup.obj
 0003:00002880       __pctype                   10014880     LIBCMT:ctype.obj
 0003:00002884       __pwctype                  10014884     LIBCMT:ctype.obj
 0003:00002888       __ctype                    10014888     LIBCMT:ctype.obj
 0003:00002a8c       ___mb_cur_max              10014a8c     LIBCMT:nlsdata1.obj
 0003:00002a90       ___decimal_point           10014a90     LIBCMT:nlsdata1.obj
 0003:00002a94       ___decimal_point_length    10014a94     LIBCMT:nlsdata1.obj
 0003:00002b98       ___tlsindex                10014b98     LIBCMT:tidtable.obj
 0003:00002ba0       ___badioinfo               10014ba0     LIBCMT:ioinit.obj
 0003:00002dc0       __cfltcvt_tab              10014dc0     LIBCMT:cmiscdat.obj
 0003:00002de0       __XcptActTab               10014de0     LIBCMT:winxfltr.obj
 0003:00002e58       __First_FPE_Indx           10014e58     LIBCMT:winxfltr.obj
 0003:00002e5c       __Num_FPE                  10014e5c     LIBCMT:winxfltr.obj
 0003:00002e60       __XcptActTabSize           10014e60     LIBCMT:winxfltr.obj
 0003:00002e64       __XcptActTabCount          10014e64     LIBCMT:winxfltr.obj
 0003:00002f78       ___lc_category             10014f78     LIBCMT:setlocal.obj
 0003:00002fc0       ___rgLocInfo               10014fc0     LIBCMT:getqloc.obj
 0003:00003464       ___rglangidNotDefault      10015464     LIBCMT:getqloc.obj
 0003:00003478       ___rg_country              10015478     LIBCMT:getqloc.obj
 0003:00003530       ___rg_language             10015530     LIBCMT:getqloc.obj
 0003:00003738       ___lc_time_curr            10015738     LIBCMT:strftime.obj
 0003:00003740       ___lc_time_c               10015740     LIBCMT:strftime.obj
 0003:000037f0       ___lconv_static_decimal    100157f0     LIBCMT:lconv.obj
 0003:000037f8       ___lconv_c                 100157f8     LIBCMT:lconv.obj
 0003:00003828       ___lconv                   10015828     LIBCMT:lconv.obj
 0003:00003830       __timezone                 10015830     LIBCMT:timeset.obj
 0003:00003834       __daylight                 10015834     LIBCMT:timeset.obj
 0003:00003838       __dstbias                  10015838     LIBCMT:timeset.obj
 0003:000038bc       __tzname                   100158bc     LIBCMT:timeset.obj
 0003:000038e4       __lpdays                   100158e4     LIBCMT:days.obj
 0003:00003918       __days                     10015918     LIBCMT:days.obj
 0003:00003950       _bIsInit                   10015950     Comm.obj
 0003:00003954       _dwThreadId                10015954     Comm.obj
 0003:00003958       _pHead                     10015958     Comm.obj
 0003:0000395c       _pCur                      1001595c     Comm.obj
 0003:00003960       _pTail                     10015960     Comm.obj
 0003:00003990       __aenvptr                  10015990     LIBCMT:dllcrt0.obj
 0003:00003994       __wenvptr                  10015994     LIBCMT:dllcrt0.obj
 0003:00003998       ___error_mode              10015998     LIBCMT:dllcrt0.obj
 0003:0000399c       ___app_type                1001599c     LIBCMT:dllcrt0.obj
 0003:000039a0       __cflush                   100159a0     LIBCMT:_file.obj
 0003:000039a4       __newmode                  100159a4     LIBCMT:_newmode.obj
 0003:000039a8       ?_pnhHeap@@3P6AHI@ZA       100159a8     LIBCMT:handler.obj
 0003:00003a10       __stdbuf                   10015a10     LIBCMT:_sftbuf.obj
 0003:00003a1c       __umaskval                 10015a1c     LIBCMT:crt0dat.obj
 0003:00003a20       __osver                    10015a20     LIBCMT:crt0dat.obj
 0003:00003a24       __winver                   10015a24     LIBCMT:crt0dat.obj
 0003:00003a28       __winmajor                 10015a28     LIBCMT:crt0dat.obj
 0003:00003a2c       __winminor                 10015a2c     LIBCMT:crt0dat.obj
 0003:00003a30       ___argc                    10015a30     LIBCMT:crt0dat.obj
 0003:00003a34       ___argv                    10015a34     LIBCMT:crt0dat.obj
 0003:00003a38       ___wargv                   10015a38     LIBCMT:crt0dat.obj
 0003:00003a3c       __environ                  10015a3c     LIBCMT:crt0dat.obj
 0003:00003a40       ___initenv                 10015a40     LIBCMT:crt0dat.obj
 0003:00003a44       __wenviron                 10015a44     LIBCMT:crt0dat.obj
 0003:00003a48       ___winitenv                10015a48     LIBCMT:crt0dat.obj
 0003:00003a4c       __pgmptr                   10015a4c     LIBCMT:crt0dat.obj
 0003:00003a50       __wpgmptr                  10015a50     LIBCMT:crt0dat.obj
 0003:00003a54       __exitflag                 10015a54     LIBCMT:crt0dat.obj
 0003:00003a58       __C_Termination_Done       10015a58     LIBCMT:crt0dat.obj
 0003:00003a5c       __C_Exit_Done              10015a5c     LIBCMT:crt0dat.obj
 0003:00003b68       __adbgmsg                  10015b68     LIBCMT:crt0msg.obj
 0003:00003b6c       __commode                  10015b6c     LIBCMT:ncommode.obj
 0003:00003b74       ___lc_handle               10015b74     LIBCMT:nlsdata2.obj
 0003:00003b8c       ___lc_codepage             10015b8c     LIBCMT:nlsdata2.obj
 0003:00003b90       ___lc_collate_cp           10015b90     LIBCMT:nlsdata2.obj
 0003:00003bb0       __fmode                    10015bb0     LIBCMT:txtmode.obj
 0003:00003bb4       ___lc_time_intl            10015bb4     LIBCMT:inittime.obj
 0003:00003bd0       ___lc_id                   10015bd0     LIBCMT:nlsdata3.obj
 0003:00003c20       ___lconv_static_null       10015c20     LIBCMT:lconv.obj
 0003:00003d00       _tmpKey                    10015d00     <common>
 0003:00003d20       _tmpValue                  10015d20     <common>
 0003:00003da0       _tmpComment                10015da0     <common>
 0003:00003e20       _tmpBUFFER                 10015e20     <common>
 0003:00003f20       _tmpSection                10015f20     <common>
 0003:00003f60       _g_Sid_Position            10015f60     <common>
 0003:00003f64       _hSenssionMapping          10015f64     <common>
 0003:00003f68       _bLoadService              10015f68     <common>
 0003:00003f6c       _g_Public                  10015f6c     <common>
 0003:00003f70       _g_Trace                   10015f70     <common>
 0003:00003f74       _hPublicMapping            10015f74     <common>
 0003:00003f78       _g_hWnd                    10015f78     <common>
 0003:00003f7c       _node_numer                10015f7c     <common>
 0003:00003f80       _hMessageMapping           10015f80     <common>
 0003:00003f84       _bRun                      10015f84     <common>
 0003:00003f88       _hNodeMapping              10015f88     <common>
 0003:00003f8c       _g_Ipp                     10015f8c     <common>
 0003:00003f90       _hOffsetMapping            10015f90     <common>
 0003:00003f94       _bWritConfig               10015f94     <common>
 0003:00003f98       _g_Module                  10015f98     <common>
 0003:00003f9c       _g_Offset_Position         10015f9c     <common>
 0003:00003fa0       _iHaveNodeNumber           10015fa0     <common>
 0003:00003fa4       _hModuleMapping            10015fa4     <common>
 0003:00003fc0       _s_database                10015fc0     <common>
 0003:00004014       _g_Trace_Spp               10016014     <common>
 0003:00004018       _g_Trace_Slp               10016018     <common>
 0003:0000401c       _hMutex                    1001601c     <common>
 0003:00004020       _g_Message                 10016020     <common>
 0003:00004024       _hSidMapping               10016024     <common>
 0003:00004028       _g_Node                    10016028     <common>
 0003:00004040       _g_Trace_Infor             10016040     <common>
 0003:0000406c       _g_dwNode                  1001606c     <common>
 0003:00004070       _hReBufferMapping          10016070     <common>
 0003:00004074       _huserWnd                  10016074     <common>
 0003:00004080       _s_basic                   10016080     <common>
 0003:000040c8       ___alternate_form          100160c8     <common>
 0003:000040cc       ___no_lead_zeros           100160cc     <common>
 0003:000040d0       ___setlc_active            100160d0     <common>
 0003:000040d4       ___unguarded_readlc_active 100160d4     <common>
 0003:000040e0       ___pioinfo                 100160e0     <common>
 0003:000041e0       __nhandle                  100161e0     <common>
 0003:000041e4       ___env_initialized         100161e4     <common>
 0003:000041e8       ___mbctype_initialized     100161e8     <common>
 0003:000041ec       ___onexitend               100161ec     <common>
 0003:000041f0       ___onexitbegin             100161f0     <common>
 0003:000041f4       __FPinit                   100161f4     <common>
 0003:000041f8       ___mbcodepage              100161f8     <common>
 0003:00004200       ___mbulinfo                10016200     <common>
 0003:0000420c       ___ismbcodepage            1001620c     <common>
 0003:00004220       __mbcasemap                10016220     <common>
 0003:00004320       __mbctype                  10016320     <common>
 0003:00004424       ___mblcid                  10016424     <common>
 0003:00004428       ___sbh_sizeHeaderList      10016428     <common>
 0003:0000442c       ___sbh_indGroupDefer       1001642c     <common>
 0003:00004430       ___sbh_pHeaderScan         10016430     <common>
 0003:00004434       ___sbh_initialized         10016434     <common>
 0003:00004438       ___sbh_pHeaderDefer        10016438     <common>
 0003:0000443c       ___sbh_cntHeaderList       1001643c     <common>
 0003:00004440       ___sbh_pHeaderList         10016440     <common>
 0003:00004444       ___sbh_threshold           10016444     <common>
 0003:00004448       __crtheap                  10016448     <common>
 0003:0000444c       ___active_heap             1001644c     <common>
 0003:00004450       ___piob                    10016450     <common>
 0003:00004460       __bufin                    10016460     <common>
 0003:00005460       __nstream                  10017460     <common>
 0003:00005464       __acmdln                   10017464     <common>
 0003:00005468       __pRawDllMain              10017468     <common>

 entry point at        0001:000047be

 Static symbols

 0001:0000e696       _findenv                   1000f696 f   LIBCMT:setenv.obj
 0001:0000e6ee       _copy_environ              1000f6ee f   LIBCMT:setenv.obj
 0001:0000e4e4       _strncnt                   1000f4e4 f   LIBCMT:a_cmp.obj
 0001:0000d815       __tzset_lk                 1000e815 f   LIBCMT:tzset.obj
 0001:0000dabd       __isindst_lk               1000eabd f   LIBCMT:tzset.obj
 0001:0000dc69       _cvtdate                   1000ec69 f   LIBCMT:tzset.obj
 0001:0000d482       _xtoa                      1000e482 f   LIBCMT:xtoa.obj
 0001:0000d554       _x64toa@20                 1000e554 f   LIBCMT:xtoa.obj
 0001:0000c976       __expandtime               1000d976 f   LIBCMT:strftime.obj
 0001:0000cd65       __store_str                1000dd65 f   LIBCMT:strftime.obj
 0001:0000cd8c       __store_num                1000dd8c f   LIBCMT:strftime.obj
 0001:0000cdfb       __store_number             1000ddfb f   LIBCMT:strftime.obj
 0001:0000ce44       __store_winword            1000de44 f   LIBCMT:strftime.obj
 0001:0000bd27       _TranslateName             1000cd27 f   LIBCMT:getqloc.obj
 0001:0000bd7f       _GetLcidFromLangCountry    1000cd7f f   LIBCMT:getqloc.obj
 0001:0000be06       _LangCountryEnumProc@4     1000ce06 f   LIBCMT:getqloc.obj
 0001:0000c00a       _GetLcidFromLanguage       1000d00a f   LIBCMT:getqloc.obj
 0001:0000c060       _LanguageEnumProc@4        1000d060 f   LIBCMT:getqloc.obj
 0001:0000c11d       _GetLcidFromCountry        1000d11d f   LIBCMT:getqloc.obj
 0001:0000c154       _CountryEnumProc@4         1000d154 f   LIBCMT:getqloc.obj
 0001:0000c1da       _GetLcidFromDefault        1000d1da f   LIBCMT:getqloc.obj
 0001:0000c1f4       _ProcessCodePage           1000d1f4 f   LIBCMT:getqloc.obj
 0001:0000c25a       _TestDefaultCountry        1000d25a f   LIBCMT:getqloc.obj
 0001:0000c279       _TestDefaultLanguage       1000d279 f   LIBCMT:getqloc.obj
 0001:0000c2db       _IsThisWindowsNT           1000d2db f   LIBCMT:getqloc.obj
 0001:0000c311       _crtGetLocaleInfoA@16      1000d311 f   LIBCMT:getqloc.obj
 0001:0000c3f7       _LcidFromHexString         1000d3f7 f   LIBCMT:getqloc.obj
 0001:0000c430       _GetPrimaryLen             1000d430 f   LIBCMT:getqloc.obj
 0001:0000b778       __get_lc_lconv             1000c778 f   LIBCMT:initmon.obj
 0001:0000b89a       _fix_grouping              1000c89a f   LIBCMT:initmon.obj
 0001:0000b8d1       __free_lc_lconv            1000c8d1 f   LIBCMT:initmon.obj
 0001:0000b676       _fix_grouping              1000c676 f   LIBCMT:initnum.obj
 0001:0000afc3       __get_lc_time              1000bfc3 f   LIBCMT:inittime.obj
 0001:0000b311       __free_lc_time             1000c311 f   LIBCMT:inittime.obj
 0001:0000a83e       __setlocale_set_cat        1000b83e f   LIBCMT:setlocal.obj
 0001:0000a959       __setlocale_get_all        1000b959 f   LIBCMT:setlocal.obj
 0001:0000a52c       _xcptlookup                1000b52c f   LIBCMT:winxfltr.obj
 0001:0000a2c0       _strncnt                   1000b2c0 f   LIBCMT:a_map.obj
 0001:00009a50       LeadUp1                    1000aa50 f   LIBCMT:memmove.obj
 0001:00009a7c       LeadUp2                    1000aa7c f   LIBCMT:memmove.obj
 0001:00009aa0       LeadUp3                    1000aaa0 f   LIBCMT:memmove.obj
 0001:00009b1f       UnwindUp0                  1000ab1f f   LIBCMT:memmove.obj
 0001:00009b0c       UnwindUp1                  1000ab0c f   LIBCMT:memmove.obj
 0001:00009b04       UnwindUp2                  1000ab04 f   LIBCMT:memmove.obj
 0001:00009afc       UnwindUp3                  1000aafc f   LIBCMT:memmove.obj
 0001:00009af4       UnwindUp4                  1000aaf4 f   LIBCMT:memmove.obj
 0001:00009aec       UnwindUp5                  1000aaec f   LIBCMT:memmove.obj
 0001:00009ae4       UnwindUp6                  1000aae4 f   LIBCMT:memmove.obj
 0001:00009adc       UnwindUp7                  1000aadc f   LIBCMT:memmove.obj
 0001:00009b38       TrailUp0                   1000ab38 f   LIBCMT:memmove.obj
 0001:00009b40       TrailUp1                   1000ab40 f   LIBCMT:memmove.obj
 0001:00009b4c       TrailUp2                   1000ab4c f   LIBCMT:memmove.obj
 0001:00009b60       TrailUp3                   1000ab60 f   LIBCMT:memmove.obj
 0001:00009bd8       LeadDown1                  1000abd8 f   LIBCMT:memmove.obj
 0001:00009bf8       LeadDown2                  1000abf8 f   LIBCMT:memmove.obj
 0001:00009c20       LeadDown3                  1000ac20 f   LIBCMT:memmove.obj
 0001:00009c74       UnwindDown7                1000ac74 f   LIBCMT:memmove.obj
 0001:00009c7c       UnwindDown6                1000ac7c f   LIBCMT:memmove.obj
 0001:00009c84       UnwindDown5                1000ac84 f   LIBCMT:memmove.obj
 0001:00009c8c       UnwindDown4                1000ac8c f   LIBCMT:memmove.obj
 0001:00009c94       UnwindDown3                1000ac94 f   LIBCMT:memmove.obj
 0001:00009c9c       UnwindDown2                1000ac9c f   LIBCMT:memmove.obj
 0001:00009ca4       UnwindDown1                1000aca4 f   LIBCMT:memmove.obj
 0001:00009cb7       UnwindDown0                1000acb7 f   LIBCMT:memmove.obj
 0001:00009cd0       TrailDown0                 1000acd0 f   LIBCMT:memmove.obj
 0001:00009cd8       TrailDown1                 1000acd8 f   LIBCMT:memmove.obj
 0001:00009ce8       TrailDown2                 1000ace8 f   LIBCMT:memmove.obj
 0001:00009cfc       TrailDown3                 1000acfc f   LIBCMT:memmove.obj
 0001:00009632       _strtoxl                   1000a632 f   LIBCMT:strtol.obj
 0001:0000853a       _parse_cmdline             1000953a f   LIBCMT:stdargv.obj
 0001:00007f6f       _doexit                    10008f6f f   LIBCMT:crt0dat.obj
 0001:00008026       __initterm                 10009026 f   LIBCMT:crt0dat.obj
 0001:00007c11       _getSystemCP               10008c11 f   LIBCMT:mbctype.obj
 0001:00007c5b       _CPtoLCID                  10008c5b f   LIBCMT:mbctype.obj
 0001:00007c8e       _setSBCS                   10008c8e f   LIBCMT:mbctype.obj
 0001:00007cb7       _setSBUpLow                10008cb7 f   LIBCMT:mbctype.obj
 0001:00007668       _gu_return                 10008668 f   LIBCMT:exsup.obj
 0001:00007670       __unwind_handler           10008670 f   LIBCMT:exsup.obj
 0001:00005705       _write_char                10006705 f   LIBCMT:output.obj
 0001:0000573a       _write_multi_char          1000673a f   LIBCMT:output.obj
 0001:0000576b       _write_string              1000676b f   LIBCMT:output.obj
 0001:000057a3       _get_int_arg               100067a3 f   LIBCMT:output.obj
 0001:000057b0       _get_int64_arg             100067b0 f   LIBCMT:output.obj
 0001:000057c0       _get_short_arg             100067c0 f   LIBCMT:output.obj
 0001:00004bbb       _flsall                    10005bbb f   LIBCMT:fflush.obj
 0001:00003c90       LeadUp1                    10004c90 f   LIBCMT:memcpy.obj
 0001:00003cbc       LeadUp2                    10004cbc f   LIBCMT:memcpy.obj
 0001:00003ce0       LeadUp3                    10004ce0 f   LIBCMT:memcpy.obj
 0001:00003d5f       UnwindUp0                  10004d5f f   LIBCMT:memcpy.obj
 0001:00003d4c       UnwindUp1                  10004d4c f   LIBCMT:memcpy.obj
 0001:00003d44       UnwindUp2                  10004d44 f   LIBCMT:memcpy.obj
 0001:00003d3c       UnwindUp3                  10004d3c f   LIBCMT:memcpy.obj
 0001:00003d34       UnwindUp4                  10004d34 f   LIBCMT:memcpy.obj
 0001:00003d2c       UnwindUp5                  10004d2c f   LIBCMT:memcpy.obj
 0001:00003d24       UnwindUp6                  10004d24 f   LIBCMT:memcpy.obj
 0001:00003d1c       UnwindUp7                  10004d1c f   LIBCMT:memcpy.obj
 0001:00003d78       TrailUp0                   10004d78 f   LIBCMT:memcpy.obj
 0001:00003d80       TrailUp1                   10004d80 f   LIBCMT:memcpy.obj
 0001:00003d8c       TrailUp2                   10004d8c f   LIBCMT:memcpy.obj
 0001:00003da0       TrailUp3                   10004da0 f   LIBCMT:memcpy.obj
 0001:00003e18       LeadDown1                  10004e18 f   LIBCMT:memcpy.obj
 0001:00003e38       LeadDown2                  10004e38 f   LIBCMT:memcpy.obj
 0001:00003e60       LeadDown3                  10004e60 f   LIBCMT:memcpy.obj
 0001:00003eb4       UnwindDown7                10004eb4 f   LIBCMT:memcpy.obj
 0001:00003ebc       UnwindDown6                10004ebc f   LIBCMT:memcpy.obj
 0001:00003ec4       UnwindDown5                10004ec4 f   LIBCMT:memcpy.obj
 0001:00003ecc       UnwindDown4                10004ecc f   LIBCMT:memcpy.obj
 0001:00003ed4       UnwindDown3                10004ed4 f   LIBCMT:memcpy.obj
 0001:00003edc       UnwindDown2                10004edc f   LIBCMT:memcpy.obj
 0001:00003ee4       UnwindDown1                10004ee4 f   LIBCMT:memcpy.obj
 0001:00003ef7       UnwindDown0                10004ef7 f   LIBCMT:memcpy.obj
 0001:00003f10       TrailDown0                 10004f10 f   LIBCMT:memcpy.obj
 0001:00003f18       TrailDown1                 10004f18 f   LIBCMT:memcpy.obj
 0001:00003f28       TrailDown2                 10004f28 f   LIBCMT:memcpy.obj
 0001:00003f3c       TrailDown3                 10004f3c f   LIBCMT:memcpy.obj
