 Timer

 Timestamp is 518b5fa0 (Thu May 09 16:34:40 2013)

 Preferred load address is 10000000

 Start         Length     Name                   Class
 0001:00000000 0000d85eH .text                   CODE
 0002:00000000 00000164H .idata$5                DATA
 0002:00000168 00000d38H .rdata                  DATA
 0002:00000ea0 0000003cH .idata$2                DATA
 0002:00000edc 00000014H .idata$3                DATA
 0002:00000ef0 00000164H .idata$4                DATA
 0002:00001054 000005e8H .idata$6                DATA
 0002:00001640 0000009cH .edata                  DATA
 0003:00000000 00000004H .CRT$XCA                DATA
 0003:00000004 00000004H .CRT$XCZ                DATA
 0003:00000008 00000004H .CRT$XIA                DATA
 0003:0000000c 00000008H .CRT$XIC                DATA
 0003:00000014 00000004H .CRT$XIZ                DATA
 0003:00000018 00000004H .CRT$XPA                DATA
 0003:0000001c 00000004H .CRT$XPX                DATA
 0003:00000020 00000004H .CRT$XPZ                DATA
 0003:00000024 00000004H .CRT$XTA                DATA
 0003:00000028 00000004H .CRT$XTZ                DATA
 0003:00000030 00003980H .data                   DATA
 0003:000039b0 00009f44H .bss                    DATA

  Address         Publics by Value              Rva+Base     Lib:Object

 0001:00000000       _WriteFileLog_1            10001000 f   log.obj
 0001:00000180       _DllMain@12                10001180 f   Timer.obj
 0001:00000195       _TimeProc@20               10001195 f   Timer.obj
 0001:00000952       _INIT_TIMER                10001952 f   Timer.obj
 0001:00000c85       _SET_TIMER                 10001c85 f   Timer.obj
 0001:000011ae       _KILL_TIMER                100021ae f   Timer.obj
 0001:00001252       _CLEAR_TIMER               10002252 f   Timer.obj
 0001:0000128e       _CURRENTTIME               1000228e f   Timer.obj
 0001:0000160b       _absTimerProc@4            1000260b f   Timer.obj
 0001:00001830       _ReadTraceIni              10002830 f   yftrace.obj
 0001:00001940       _EnableTrace               10002940 f   yftrace.obj
 0001:0000196b       _EnableTrace_Spp           1000296b f   yftrace.obj
 0001:00001996       _EnableTrace_Slp           10002996 f   yftrace.obj
 0001:000019c1       _GetErrorType              100029c1 f   yftrace.obj
 0001:00001ab3       _WriteTraceInf             10002ab3 f   yftrace.obj
 0001:00001b2d       _WriteFileLog              10002b2d f   yftrace.obj
 0001:00001dca       _WriteFileLog_Trace        10002dca f   yftrace.obj
 0001:00002067       _WriteFileLog_WARN         10003067 f   yftrace.obj
 0001:00002304       _WriteErrorInf             10003304 f   yftrace.obj
 0001:00002360       _GetLocalTime@4            10003360 f   kernel32:KERNEL32.dll
 0001:00002366       _LeaveCriticalSection@4    10003366 f   kernel32:KERNEL32.dll
 0001:0000236c       _EnterCriticalSection@4    1000336c f   kernel32:KERNEL32.dll
 0001:00002372       _CloseHandle@4             10003372 f   kernel32:KERNEL32.dll
 0001:00002378       _InitializeCriticalSection@4 10003378 f   kernel32:KERNEL32.dll
 0001:0000237e       _DeleteCriticalSection@4   1000337e f   kernel32:KERNEL32.dll
 0001:00002384       _Sleep@4                   10003384 f   kernel32:KERNEL32.dll
 0001:0000238a       _LocalFree@4               1000338a f   kernel32:KERNEL32.dll
 0001:00002390       _FormatMessageA@28         10003390 f   kernel32:KERNEL32.dll
 0001:00002396       _GetLastError@0            10003396 f   kernel32:KERNEL32.dll
 0001:0000239c       _SEND_MSG                  1000339c f   Comm:Comm.dll
 0001:000023a2       _GetTID                    100033a2 f   Comm:Comm.dll
 0001:000023a8       _freeINI                   100033a8 f   Comm:Comm.dll
 0001:000023ae       _GetKeyList                100033ae f   Comm:Comm.dll
 0001:000023b4       _getSection                100033b4 f   Comm:Comm.dll
 0001:000023ba       _loadINI                   100033ba f   Comm:Comm.dll
 0001:000023c0       _GetTid                    100033c0 f   Comm:Comm.dll
 0001:000023c6       _fclose                    100033c6 f   LIBCMT:fclose.obj
 0001:000023f7       __fclose_lk                100033f7 f   LIBCMT:fclose.obj
 0001:00002443       _fprintf                   10003443 f   LIBCMT:fprintf.obj
 0001:0000247f       __splitpath                1000347f f   LIBCMT:splitpat.obj
 0001:000025c6       __fsopen                   100035c6 f   LIBCMT:fopen.obj
 0001:000025f7       _fopen                     100035f7 f   LIBCMT:fopen.obj
 0001:0000260a       _sprintf                   1000360a f   LIBCMT:sprintf.obj
 0001:0000265c       __vsnprintf                1000365c f   LIBCMT:vsnprint.obj
 0001:000026b0       _memset                    100036b0 f   LIBCMT:memset.obj
 0001:00002710       _memcpy                    10003710 f   LIBCMT:memcpy.obj
 0001:00002a45       _free                      10003a45 f   LIBCMT:free.obj
 0001:00002b2e       _malloc                    10003b2e f   LIBCMT:malloc.obj
 0001:00002b40       __nh_malloc                10003b40 f   LIBCMT:malloc.obj
 0001:00002b6c       __heap_alloc               10003b6c f   LIBCMT:malloc.obj
 0001:00002c68       __beginthreadex            10003c68 f   LIBCMT:threadex.obj
 0001:00002d99       __endthreadex              10003d99 f   LIBCMT:threadex.obj
 0001:00002dcb       _time                      10003dcb f   LIBCMT:time.obj
 0001:00002eb0       _strlen                    10003eb0 f   LIBCMT:strlen.obj
 0001:00002f30       _strncpy                   10003f30 f   LIBCMT:strncpy.obj
 0001:00003030       _strcpy                    10004030 f   LIBCMT:strcat.obj
 0001:00003040       _strcat                    10004040 f   LIBCMT:strcat.obj
 0001:00003120       _atol                      10004120 f   LIBCMT:atox.obj
 0001:000031ab       _atoi                      100041ab f   LIBCMT:atox.obj
 0001:000031b6       __atoi64                   100041b6 f   LIBCMT:atox.obj
 0001:00003270       _strcmp                    10004270 f   LIBCMT:strcmp.obj
 0001:00003300       _strcspn                   10004300 f   LIBCMT:strcspn.obj
 0001:00003340       __alloca_probe             10004340 f   LIBCMT:chkstk.obj
 0001:00003340       __chkstk                   10004340 f   LIBCMT:chkstk.obj
 0001:0000336f       __CRT_INIT@12              1000436f f   LIBCMT:dllcrt0.obj
 0001:00003448       __DllMainCRTStartup@12     10004448 f   LIBCMT:dllcrt0.obj
 0001:000034e5       __amsg_exit                100044e5 f   LIBCMT:dllcrt0.obj
 0001:00003518       ___initstdio               10004518 f   LIBCMT:_file.obj
 0001:000035c0       ___endstdio                100045c0 f   LIBCMT:_file.obj
 0001:000035d4       __lock_file                100045d4 f   LIBCMT:_file.obj
 0001:00003603       __lock_file2               10004603 f   LIBCMT:_file.obj
 0001:00003626       __unlock_file              10004626 f   LIBCMT:_file.obj
 0001:00003655       __unlock_file2             10004655 f   LIBCMT:_file.obj
 0001:00003678       __close                    10004678 f   LIBCMT:close.obj
 0001:000036d5       __close_lk                 100046d5 f   LIBCMT:close.obj
 0001:00003758       __freebuf                  10004758 f   LIBCMT:_freebuf.obj
 0001:00003783       _fflush                    10004783 f   LIBCMT:fflush.obj
 0001:000037b2       __fflush_lk                100047b2 f   LIBCMT:fflush.obj
 0001:000037e0       __flush                    100047e0 f   LIBCMT:fflush.obj
 0001:0000383c       __flushall                 1000483c f   LIBCMT:fflush.obj
 0001:000038e9       __stbuf                    100048e9 f   LIBCMT:_sftbuf.obj
 0001:00003976       __ftbuf                    10004976 f   LIBCMT:_sftbuf.obj
 0001:000039a0       __output                   100049a0 f   LIBCMT:output.obj
 0001:00004207       __setmbcp                  10005207 f   LIBCMT:mbctype.obj
 0001:000045df       __getmbcp                  100055df f   LIBCMT:mbctype.obj
 0001:000045ef       ___initmbctable            100055ef f   LIBCMT:mbctype.obj
 0001:0000460b       __mbsnbcpy                 1000560b f   LIBCMT:mbsnbcpy.obj
 0001:000046a5       __openfile                 100056a5 f   LIBCMT:_open.obj
 0001:00004815       __getstream                10005815 f   LIBCMT:stream.obj
 0001:000048dd       __flsbuf                   100058dd f   LIBCMT:_flsbuf.obj
 0001:000049f5       __GetLinkerVersion         100059f5 f   LIBCMT:heapinit.obj
 0001:00004a22       ___heap_select             10005a22 f   LIBCMT:heapinit.obj
 0001:00004b6a       __heap_init                10005b6a f   LIBCMT:heapinit.obj
 0001:00004bc7       __heap_term                10005bc7 f   LIBCMT:heapinit.obj
 0001:00004c6f       __get_sbh_threshold        10005c6f f   LIBCMT:sbheap.obj
 0001:00004c8e       __set_sbh_threshold        10005c8e f   LIBCMT:sbheap.obj
 0001:00004d41       ___sbh_heap_init           10005d41 f   LIBCMT:sbheap.obj
 0001:00004d89       ___sbh_find_block          10005d89 f   LIBCMT:sbheap.obj
 0001:00004db4       ___sbh_free_block          10005db4 f   LIBCMT:sbheap.obj
 0001:000050dd       ___sbh_alloc_block         100060dd f   LIBCMT:sbheap.obj
 0001:000053e6       ___sbh_alloc_new_region    100063e6 f   LIBCMT:sbheap.obj
 0001:00005497       ___sbh_alloc_new_group     10006497 f   LIBCMT:sbheap.obj
 0001:00005592       ___sbh_resize_block        10006592 f   LIBCMT:sbheap.obj
 0001:00005888       ___sbh_heapmin             10006888 f   LIBCMT:sbheap.obj
 0001:00005959       ___sbh_heap_check          10006959 f   LIBCMT:sbheap.obj
 0001:00005c88       __get_old_sbh_threshold    10006c88 f   LIBCMT:sbheap.obj
 0001:00005c8e       __set_old_sbh_threshold    10006c8e f   LIBCMT:sbheap.obj
 0001:00005caa       ___old_sbh_new_region      10006caa f   LIBCMT:sbheap.obj
 0001:00005dee       ___old_sbh_release_region  10006dee f   LIBCMT:sbheap.obj
 0001:00005e44       ___old_sbh_decommit_pages  10006e44 f   LIBCMT:sbheap.obj
 0001:00005f06       ___old_sbh_find_block      10006f06 f   LIBCMT:sbheap.obj
 0001:00005f5d       ___old_sbh_free_block      10006f5d f   LIBCMT:sbheap.obj
 0001:00005fa2       ___old_sbh_alloc_block     10006fa2 f   LIBCMT:sbheap.obj
 0001:000061aa       ___old_sbh_alloc_block_from_page 100071aa f   LIBCMT:sbheap.obj
 0001:000062ce       ___old_sbh_resize_block    100072ce f   LIBCMT:sbheap.obj
 0001:00006377       ___old_sbh_heap_check      10007377 f   LIBCMT:sbheap.obj
 0001:000064d5       __mtinitlocks              100074d5 f   LIBCMT:mlock.obj
 0001:000064fe       __mtdeletelocks            100074fe f   LIBCMT:mlock.obj
 0001:0000656a       __lock                     1000756a f   LIBCMT:mlock.obj
 0001:000065cb       __unlock                   100075cb f   LIBCMT:mlock.obj
 0001:000065e0       __lockerr_exit             100075e0 f   LIBCMT:mlock.obj
 0001:000065f8       __global_unwind2           100075f8 f   LIBCMT:exsup.obj
 0001:0000663a       __local_unwind2            1000763a f   LIBCMT:exsup.obj
 0001:00006692       __NLG_Return2              10007692 f   LIBCMT:exsup.obj
 0001:000066a2       __abnormal_termination     100076a2 f   LIBCMT:exsup.obj
 0001:000066c5       __NLG_Notify1              100076c5 f   LIBCMT:exsup.obj
 0001:000066ce       __NLG_Notify               100076ce f   LIBCMT:exsup.obj
 0001:000066e1       __NLG_Dispatch             100076e1 f   LIBCMT:exsup.obj
 0001:000066f0       __except_handler3          100076f0 f   LIBCMT:exsup3.obj
 0001:000067ad       __seh_longjmp_unwind@4     100077ad f   LIBCMT:exsup3.obj
 0001:000067c8       ?_set_new_handler@@YAP6AHI@ZP6AHI@Z@Z 100077c8 f   LIBCMT:handler.obj
 0001:000067ec       ?_query_new_handler@@YAP6AHI@ZXZ 100077ec f   LIBCMT:handler.obj
 0001:000067f2       __callnewh                 100077f2 f   LIBCMT:handler.obj
 0001:0000680d       __dosmaperr                1000780d f   LIBCMT:dosmap.obj
 0001:00006880       __errno                    10007880 f   LIBCMT:dosmap.obj
 0001:00006889       ___doserrno                10007889 f   LIBCMT:dosmap.obj
 0001:00006892       __mtinit                   10007892 f   LIBCMT:tidtable.obj
 0001:000068e6       __mtterm                   100078e6 f   LIBCMT:tidtable.obj
 0001:00006904       __initptd                  10007904 f   LIBCMT:tidtable.obj
 0001:00006917       __getptd                   10007917 f   LIBCMT:tidtable.obj
 0001:0000697e       __freeptd                  1000797e f   LIBCMT:tidtable.obj
 0001:00006a1e       ___threadid                10007a1e f   LIBCMT:tidtable.obj
 0001:00006a24       ___threadhandle            10007a24 f   LIBCMT:tidtable.obj
 0001:00006a2a       _calloc                    10007a2a f   LIBCMT:calloc.obj
 0001:00006b67       __cinit                    10007b67 f   LIBCMT:crt0dat.obj
 0001:00006b94       _exit                      10007b94 f   LIBCMT:crt0dat.obj
 0001:00006ba5       __exit                     10007ba5 f   LIBCMT:crt0dat.obj
 0001:00006bb6       __cexit                    10007bb6 f   LIBCMT:crt0dat.obj
 0001:00006bc5       __c_exit                   10007bc5 f   LIBCMT:crt0dat.obj
 0001:00006c79       __lockexit                 10007c79 f   LIBCMT:crt0dat.obj
 0001:00006c82       __unlockexit               10007c82 f   LIBCMT:crt0dat.obj
 0001:00006ca5       __XcptFilter               10007ca5 f   LIBCMT:winxfltr.obj
 0001:00006e1d       ___loctotime_t             10007e1d f   LIBCMT:dtoxtime.obj
 0001:00006edf       __isctype                  10007edf f   LIBCMT:isctype.obj
 0001:00006f60       __allmul                   10007f60 f   LIBCMT:llmul.obj
 0001:00006f94       __ioinit                   10007f94 f   LIBCMT:ioinit.obj
 0001:00007150       __ioterm                   10008150 f   LIBCMT:ioinit.obj
 0001:000071a4       __setenvp                  100081a4 f   LIBCMT:stdenvp.obj
 0001:0000725d       __setargv                  1000825d f   LIBCMT:stdargv.obj
 0001:000074aa       ___crtGetEnvironmentStringsA 100084aa f   LIBCMT:a_env.obj
 0001:000075dc       __FF_MSGBANNER             100085dc f   LIBCMT:crt0msg.obj
 0001:00007615       __NMSG_WRITE               10008615 f   LIBCMT:crt0msg.obj
 0001:00007768       __GET_RTERRMSG             10008768 f   LIBCMT:crt0msg.obj
 0001:00007799       __fcloseall                10008799 f   LIBCMT:closeall.obj
 0001:0000781a       __alloc_osfhnd             1000881a f   LIBCMT:osfinfo.obj
 0001:0000793d       __set_osfhnd               1000893d f   LIBCMT:osfinfo.obj
 0001:000079b9       __free_osfhnd              100089b9 f   LIBCMT:osfinfo.obj
 0001:00007a38       __get_osfhandle            10008a38 f   LIBCMT:osfinfo.obj
 0001:00007a7a       __open_osfhandle           10008a7a f   LIBCMT:osfinfo.obj
 0001:00007b21       __lock_fhandle             10008b21 f   LIBCMT:osfinfo.obj
 0001:00007b80       __unlock_fhandle           10008b80 f   LIBCMT:osfinfo.obj
 0001:00007ba2       __commit                   10008ba2 f   LIBCMT:commit.obj
 0001:00007c35       __write                    10008c35 f   LIBCMT:write.obj
 0001:00007c9a       __write_lk                 10008c9a f   LIBCMT:write.obj
 0001:00007e25       __isatty                   10008e25 f   LIBCMT:isatty.obj
 0001:00007e4e       _wctomb                    10008e4e f   LIBCMT:wctomb.obj
 0001:00007ea7       __wctomb_lk                10008ea7 f   LIBCMT:wctomb.obj
 0001:00007f10       __aulldiv                  10008f10 f   LIBCMT:ulldiv.obj
 0001:00007f80       __aullrem                  10008f80 f   LIBCMT:ullrem.obj
 0001:00007ff5       ___crtLCMapStringA         10008ff5 f   LIBCMT:a_map.obj
 0001:00008244       ___crtGetStringTypeA       10009244 f   LIBCMT:a_str.obj
 0001:0000838d       __open                     1000938d f   LIBCMT:open.obj
 0001:000083a4       __sopen                    100093a4 f   LIBCMT:open.obj
 0001:00008673       __lseek                    10009673 f   LIBCMT:lseek.obj
 0001:000086d8       __lseek_lk                 100096d8 f   LIBCMT:lseek.obj
 0001:0000874b       __getbuf                   1000974b f   LIBCMT:_getbuf.obj
 0001:0000878f       _strtol                    1000978f f   LIBCMT:strtol.obj
 0001:000089ab       _strtoul                   100099ab f   LIBCMT:strtol.obj
 0001:000089e0       _strchr                    100099e0 f   LIBCMT:strchr.obj
 0001:000089e6       ___from_strstr_to_strchr   100099e6 f   LIBCMT:strchr.obj
 0001:00008aa0       _strstr                    10009aa0 f   LIBCMT:strstr.obj
 0001:00008b20       _strncmp                   10009b20 f   LIBCMT:strncmp.obj
 0001:00008b60       _memmove                   10009b60 f   LIBCMT:memmove.obj
 0001:00008e95       ___tzset                   10009e95 f   LIBCMT:tzset.obj
 0001:00008ec3       __tzset                    10009ec3 f   LIBCMT:tzset.obj
 0001:00009160       __isindst                  1000a160 f   LIBCMT:tzset.obj
 0001:0000946d       ___crtMessageBoxA          1000a46d f   LIBCMT:crtmbox.obj
 0001:000094f6       __fptrap                   1000a4f6 f   LIBCMT:crt0fp.obj
 0001:000094ff       _setlocale                 1000a4ff f   LIBCMT:setlocal.obj
 0001:00009919       __expandlocale             1000a919 f   LIBCMT:setlocal.obj
 0001:00009a31       ___init_dummy              1000aa31 f   LIBCMT:setlocal.obj
 0001:00009a34       __strcats                  1000aa34 f   LIBCMT:setlocal.obj
 0001:00009a59       ___lc_strtolc              1000aa59 f   LIBCMT:setlocal.obj
 0001:00009b25       ___lc_lctostr              1000ab25 f   LIBCMT:setlocal.obj
 0001:00009b78       __chsize                   1000ab78 f   LIBCMT:chsize.obj
 0001:00009bd1       __chsize_lk                1000abd1 f   LIBCMT:chsize.obj
 0001:00009cf6       __read                     1000acf6 f   LIBCMT:read.obj
 0001:00009d5b       __read_lk                  1000ad5b f   LIBCMT:read.obj
 0001:00009f34       __toupper                  1000af34 f   LIBCMT:toupper.obj
 0001:00009f3c       _toupper                   1000af3c f   LIBCMT:toupper.obj
 0001:00009fab       __toupper_lk               1000afab f   LIBCMT:toupper.obj
 0001:0000a077       _getenv                    1000b077 f   LIBCMT:getenv.obj
 0001:0000a098       __getenv_lk                1000b098 f   LIBCMT:getenv.obj
 0001:0000a115       ___init_time               1000b115 f   LIBCMT:inittime.obj
 0001:0000a684       ___init_numeric            1000b684 f   LIBCMT:initnum.obj
 0001:0000a890       ___init_monetary           1000b890 f   LIBCMT:initmon.obj
 0001:0000ab02       ___init_ctype              1000bb02 f   LIBCMT:initctyp.obj
 0001:0000ad47       ___init_collate            1000bd47 f   LIBCMT:initcoll.obj
 0001:0000ad50       _strpbrk                   1000bd50 f   LIBCMT:strpbrk.obj
 0001:0000ad8a       ___get_qualified_locale    1000bd8a f   LIBCMT:getqloc.obj
 0001:0000b631       __setmode                  1000c631 f   LIBCMT:setmode.obj
 0001:0000b68a       __setmode_lk               1000c68a f   LIBCMT:setmode.obj
 0001:0000b6eb       __mbsnbicoll               1000c6eb f   LIBCMT:mbsnbico.obj
 0001:0000b72a       ___wtomb_environ           1000c72a f   LIBCMT:wtombenv.obj
 0001:0000b798       __Getdays                  1000c798 f   LIBCMT:strftime.obj
 0001:0000b827       __Getmonths                1000c827 f   LIBCMT:strftime.obj
 0001:0000b8bc       __Gettnames                1000c8bc f   LIBCMT:strftime.obj
 0001:0000baee       _strftime                  1000caee f   LIBCMT:strftime.obj
 0001:0000bb09       __Strftime                 1000cb09 f   LIBCMT:strftime.obj
 0001:0000c3df       ___getlocaleinfo           1000d3df f   LIBCMT:inithelp.obj
 0001:0000c517       _localeconv                1000d517 f   LIBCMT:lconv.obj
 0001:0000c51d       ___crtGetStringTypeW       1000d51d f   LIBCMT:w_str.obj
 0001:0000c6e2       __itoa                     1000d6e2 f   LIBCMT:xtoa.obj
 0001:0000c6e2       _itoa                      1000d6e2 f   LIBCMT:xtoa.obj
 0001:0000c76b       __ltoa                     1000d76b f   LIBCMT:xtoa.obj
 0001:0000c795       __ultoa                    1000d795 f   LIBCMT:xtoa.obj
 0001:0000c7b0       __i64toa                   1000d7b0 f   LIBCMT:xtoa.obj
 0001:0000c867       __ui64toa                  1000d867 f   LIBCMT:xtoa.obj
 0001:0000c890       __stricmp                  1000d890 f   LIBCMT:stricmp.obj
 0001:0000c890       __strcmpi                  1000d890 f   LIBCMT:stricmp.obj
 0001:0000c960       __strnicmp                 1000d960 f   LIBCMT:strnicmp.obj
 0001:0000ca61       ___crtCompareStringA       1000da61 f   LIBCMT:a_cmp.obj
 0001:0000cd09       ___crtsetenv               1000dd09 f   LIBCMT:setenv.obj
 0001:0000cf4f       ___crtGetLocaleInfoW       1000df4f f   LIBCMT:w_loc.obj
 0001:0000d062       ___crtGetLocaleInfoA       1000e062 f   LIBCMT:a_loc.obj
 0001:0000d180       __tolower                  1000e180 f   LIBCMT:tolower.obj
 0001:0000d188       _tolower                   1000e188 f   LIBCMT:tolower.obj
 0001:0000d1f7       __tolower_lk               1000e1f7 f   LIBCMT:tolower.obj
 0001:0000d2c2       _realloc                   1000e2c2 f   LIBCMT:realloc.obj
 0001:0000d5f1       __mbschr                   1000e5f1 f   LIBCMT:mbschr.obj
 0001:0000d688       __strdup                   1000e688 f   LIBCMT:strdup.obj
 0001:0000d6c0       _timeSetEvent@20           1000e6c0 f   Winmm:WINMM.dll
 0001:0000d6c6       _HeapFree@12               1000e6c6 f   kernel32:KERNEL32.dll
 0001:0000d6cc       _HeapAlloc@12              1000e6cc f   kernel32:KERNEL32.dll
 0001:0000d6d2       _CreateThread@24           1000e6d2 f   kernel32:KERNEL32.dll
 0001:0000d6d8       _GetCurrentThreadId@0      1000e6d8 f   kernel32:KERNEL32.dll
 0001:0000d6de       _TlsSetValue@8             1000e6de f   kernel32:KERNEL32.dll
 0001:0000d6e4       _TlsGetValue@4             1000e6e4 f   kernel32:KERNEL32.dll
 0001:0000d6ea       _ExitThread@4              1000e6ea f   kernel32:KERNEL32.dll
 0001:0000d6f0       _GetTimeZoneInformation@4  1000e6f0 f   kernel32:KERNEL32.dll
 0001:0000d6f6       _GetSystemTime@4           1000e6f6 f   kernel32:KERNEL32.dll
 0001:0000d6fc       _GetCommandLineA@0         1000e6fc f   kernel32:KERNEL32.dll
 0001:0000d702       _GetVersion@0              1000e702 f   kernel32:KERNEL32.dll
 0001:0000d708       _GetCPInfo@8               1000e708 f   kernel32:KERNEL32.dll
 0001:0000d70e       _GetACP@0                  1000e70e f   kernel32:KERNEL32.dll
 0001:0000d714       _GetOEMCP@0                1000e714 f   kernel32:KERNEL32.dll
 0001:0000d71a       _GetModuleHandleA@4        1000e71a f   kernel32:KERNEL32.dll
 0001:0000d720       _GetModuleFileNameA@12     1000e720 f   kernel32:KERNEL32.dll
 0001:0000d726       _GetEnvironmentVariableA@12 1000e726 f   kernel32:KERNEL32.dll
 0001:0000d72c       _GetVersionExA@4           1000e72c f   kernel32:KERNEL32.dll
 0001:0000d732       _HeapDestroy@4             1000e732 f   kernel32:KERNEL32.dll
 0001:0000d738       _HeapCreate@12             1000e738 f   kernel32:KERNEL32.dll
 0001:0000d73e       _VirtualFree@12            1000e73e f   kernel32:KERNEL32.dll
 0001:0000d744       _VirtualAlloc@16           1000e744 f   kernel32:KERNEL32.dll
 0001:0000d74a       _HeapReAlloc@16            1000e74a f   kernel32:KERNEL32.dll
 0001:0000d750       _IsBadWritePtr@8           1000e750 f   kernel32:KERNEL32.dll
 0001:0000d756       _ExitProcess@4             1000e756 f   kernel32:KERNEL32.dll
 0001:0000d75c       _FatalAppExitA@8           1000e75c f   kernel32:KERNEL32.dll
 0001:0000d762       _RtlUnwind@16              1000e762 f   kernel32:KERNEL32.dll
 0001:0000d768       _TlsAlloc@0                1000e768 f   kernel32:KERNEL32.dll
 0001:0000d76e       _TlsFree@4                 1000e76e f   kernel32:KERNEL32.dll
 0001:0000d774       _SetLastError@4            1000e774 f   kernel32:KERNEL32.dll
 0001:0000d77a       _GetCurrentThread@0        1000e77a f   kernel32:KERNEL32.dll
 0001:0000d780       _TerminateProcess@8        1000e780 f   kernel32:KERNEL32.dll
 0001:0000d786       _GetCurrentProcess@0       1000e786 f   kernel32:KERNEL32.dll
 0001:0000d78c       _UnhandledExceptionFilter@4 1000e78c f   kernel32:KERNEL32.dll
 0001:0000d792       _SetHandleCount@4          1000e792 f   kernel32:KERNEL32.dll
 0001:0000d798       _GetStdHandle@4            1000e798 f   kernel32:KERNEL32.dll
 0001:0000d79e       _GetFileType@4             1000e79e f   kernel32:KERNEL32.dll
 0001:0000d7a4       _GetStartupInfoA@4         1000e7a4 f   kernel32:KERNEL32.dll
 0001:0000d7aa       _FreeEnvironmentStringsA@4 1000e7aa f   kernel32:KERNEL32.dll
 0001:0000d7b0       _FreeEnvironmentStringsW@4 1000e7b0 f   kernel32:KERNEL32.dll
 0001:0000d7b6       _WideCharToMultiByte@32    1000e7b6 f   kernel32:KERNEL32.dll
 0001:0000d7bc       _GetEnvironmentStrings@0   1000e7bc f   kernel32:KERNEL32.dll
 0001:0000d7c2       _GetEnvironmentStringsW@0  1000e7c2 f   kernel32:KERNEL32.dll
 0001:0000d7c8       _WriteFile@20              1000e7c8 f   kernel32:KERNEL32.dll
 0001:0000d7ce       _SetStdHandle@8            1000e7ce f   kernel32:KERNEL32.dll
 0001:0000d7d4       _FlushFileBuffers@4        1000e7d4 f   kernel32:KERNEL32.dll
 0001:0000d7da       _InterlockedDecrement@4    1000e7da f   kernel32:KERNEL32.dll
 0001:0000d7e0       _InterlockedIncrement@4    1000e7e0 f   kernel32:KERNEL32.dll
 0001:0000d7e6       _MultiByteToWideChar@24    1000e7e6 f   kernel32:KERNEL32.dll
 0001:0000d7ec       _LCMapStringA@24           1000e7ec f   kernel32:KERNEL32.dll
 0001:0000d7f2       _LCMapStringW@24           1000e7f2 f   kernel32:KERNEL32.dll
 0001:0000d7f8       _GetStringTypeA@20         1000e7f8 f   kernel32:KERNEL32.dll
 0001:0000d7fe       _GetStringTypeW@16         1000e7fe f   kernel32:KERNEL32.dll
 0001:0000d804       _CreateFileA@28            1000e804 f   kernel32:KERNEL32.dll
 0001:0000d80a       _SetFilePointer@16         1000e80a f   kernel32:KERNEL32.dll
 0001:0000d810       _GetProcAddress@8          1000e810 f   kernel32:KERNEL32.dll
 0001:0000d816       _LoadLibraryA@4            1000e816 f   kernel32:KERNEL32.dll
 0001:0000d81c       _SetEndOfFile@4            1000e81c f   kernel32:KERNEL32.dll
 0001:0000d822       _ReadFile@20               1000e822 f   kernel32:KERNEL32.dll
 0001:0000d828       _IsValidLocale@8           1000e828 f   kernel32:KERNEL32.dll
 0001:0000d82e       _IsValidCodePage@4         1000e82e f   kernel32:KERNEL32.dll
 0001:0000d834       _GetLocaleInfoA@16         1000e834 f   kernel32:KERNEL32.dll
 0001:0000d83a       _EnumSystemLocalesA@8      1000e83a f   kernel32:KERNEL32.dll
 0001:0000d840       _GetUserDefaultLCID@0      1000e840 f   kernel32:KERNEL32.dll
 0001:0000d846       _CompareStringA@24         1000e846 f   kernel32:KERNEL32.dll
 0001:0000d84c       _CompareStringW@24         1000e84c f   kernel32:KERNEL32.dll
 0001:0000d852       _SetEnvironmentVariableA@8 1000e852 f   kernel32:KERNEL32.dll
 0001:0000d858       _GetLocaleInfoW@16         1000e858 f   kernel32:KERNEL32.dll
 0002:00000000       __imp__loadINI             1000f000     Comm:Comm.dll
 0002:00000004       __imp__getSection          1000f004     Comm:Comm.dll
 0002:00000008       __imp__GetKeyList          1000f008     Comm:Comm.dll
 0002:0000000c       __imp__freeINI             1000f00c     Comm:Comm.dll
 0002:00000010       __imp__GetTID              1000f010     Comm:Comm.dll
 0002:00000014       __imp__SEND_MSG            1000f014     Comm:Comm.dll
 0002:00000018       __imp__GetTid              1000f018     Comm:Comm.dll
 0002:0000001c       \177Comm_NULL_THUNK_DATA   1000f01c     Comm:Comm.dll
 0002:00000020       __imp__FormatMessageA@28   1000f020     kernel32:KERNEL32.dll
 0002:00000024       __imp__LocalFree@4         1000f024     kernel32:KERNEL32.dll
 0002:00000028       __imp__Sleep@4             1000f028     kernel32:KERNEL32.dll
 0002:0000002c       __imp__DeleteCriticalSection@4 1000f02c     kernel32:KERNEL32.dll
 0002:00000030       __imp__InitializeCriticalSection@4 1000f030     kernel32:KERNEL32.dll
 0002:00000034       __imp__CloseHandle@4       1000f034     kernel32:KERNEL32.dll
 0002:00000038       __imp__EnterCriticalSection@4 1000f038     kernel32:KERNEL32.dll
 0002:0000003c       __imp__LeaveCriticalSection@4 1000f03c     kernel32:KERNEL32.dll
 0002:00000040       __imp__GetLastError@0      1000f040     kernel32:KERNEL32.dll
 0002:00000044       __imp__GetLocalTime@4      1000f044     kernel32:KERNEL32.dll
 0002:00000048       __imp__SetEnvironmentVariableA@8 1000f048     kernel32:KERNEL32.dll
 0002:0000004c       __imp__CompareStringW@24   1000f04c     kernel32:KERNEL32.dll
 0002:00000050       __imp__HeapFree@12         1000f050     kernel32:KERNEL32.dll
 0002:00000054       __imp__HeapAlloc@12        1000f054     kernel32:KERNEL32.dll
 0002:00000058       __imp__CreateThread@24     1000f058     kernel32:KERNEL32.dll
 0002:0000005c       __imp__GetCurrentThreadId@0 1000f05c     kernel32:KERNEL32.dll
 0002:00000060       __imp__TlsSetValue@8       1000f060     kernel32:KERNEL32.dll
 0002:00000064       __imp__TlsGetValue@4       1000f064     kernel32:KERNEL32.dll
 0002:00000068       __imp__ExitThread@4        1000f068     kernel32:KERNEL32.dll
 0002:0000006c       __imp__GetTimeZoneInformation@4 1000f06c     kernel32:KERNEL32.dll
 0002:00000070       __imp__GetSystemTime@4     1000f070     kernel32:KERNEL32.dll
 0002:00000074       __imp__GetCommandLineA@0   1000f074     kernel32:KERNEL32.dll
 0002:00000078       __imp__GetVersion@0        1000f078     kernel32:KERNEL32.dll
 0002:0000007c       __imp__GetCPInfo@8         1000f07c     kernel32:KERNEL32.dll
 0002:00000080       __imp__GetACP@0            1000f080     kernel32:KERNEL32.dll
 0002:00000084       __imp__GetOEMCP@0          1000f084     kernel32:KERNEL32.dll
 0002:00000088       __imp__GetModuleHandleA@4  1000f088     kernel32:KERNEL32.dll
 0002:0000008c       __imp__GetModuleFileNameA@12 1000f08c     kernel32:KERNEL32.dll
 0002:00000090       __imp__GetEnvironmentVariableA@12 1000f090     kernel32:KERNEL32.dll
 0002:00000094       __imp__GetVersionExA@4     1000f094     kernel32:KERNEL32.dll
 0002:00000098       __imp__HeapDestroy@4       1000f098     kernel32:KERNEL32.dll
 0002:0000009c       __imp__HeapCreate@12       1000f09c     kernel32:KERNEL32.dll
 0002:000000a0       __imp__VirtualFree@12      1000f0a0     kernel32:KERNEL32.dll
 0002:000000a4       __imp__VirtualAlloc@16     1000f0a4     kernel32:KERNEL32.dll
 0002:000000a8       __imp__HeapReAlloc@16      1000f0a8     kernel32:KERNEL32.dll
 0002:000000ac       __imp__IsBadWritePtr@8     1000f0ac     kernel32:KERNEL32.dll
 0002:000000b0       __imp__ExitProcess@4       1000f0b0     kernel32:KERNEL32.dll
 0002:000000b4       __imp__FatalAppExitA@8     1000f0b4     kernel32:KERNEL32.dll
 0002:000000b8       __imp__RtlUnwind@16        1000f0b8     kernel32:KERNEL32.dll
 0002:000000bc       __imp__TlsAlloc@0          1000f0bc     kernel32:KERNEL32.dll
 0002:000000c0       __imp__TlsFree@4           1000f0c0     kernel32:KERNEL32.dll
 0002:000000c4       __imp__SetLastError@4      1000f0c4     kernel32:KERNEL32.dll
 0002:000000c8       __imp__GetCurrentThread@0  1000f0c8     kernel32:KERNEL32.dll
 0002:000000cc       __imp__TerminateProcess@8  1000f0cc     kernel32:KERNEL32.dll
 0002:000000d0       __imp__GetCurrentProcess@0 1000f0d0     kernel32:KERNEL32.dll
 0002:000000d4       __imp__UnhandledExceptionFilter@4 1000f0d4     kernel32:KERNEL32.dll
 0002:000000d8       __imp__SetHandleCount@4    1000f0d8     kernel32:KERNEL32.dll
 0002:000000dc       __imp__GetStdHandle@4      1000f0dc     kernel32:KERNEL32.dll
 0002:000000e0       __imp__GetFileType@4       1000f0e0     kernel32:KERNEL32.dll
 0002:000000e4       __imp__GetStartupInfoA@4   1000f0e4     kernel32:KERNEL32.dll
 0002:000000e8       __imp__FreeEnvironmentStringsA@4 1000f0e8     kernel32:KERNEL32.dll
 0002:000000ec       __imp__FreeEnvironmentStringsW@4 1000f0ec     kernel32:KERNEL32.dll
 0002:000000f0       __imp__WideCharToMultiByte@32 1000f0f0     kernel32:KERNEL32.dll
 0002:000000f4       __imp__GetEnvironmentStrings@0 1000f0f4     kernel32:KERNEL32.dll
 0002:000000f8       __imp__GetEnvironmentStringsW@0 1000f0f8     kernel32:KERNEL32.dll
 0002:000000fc       __imp__WriteFile@20        1000f0fc     kernel32:KERNEL32.dll
 0002:00000100       __imp__SetStdHandle@8      1000f100     kernel32:KERNEL32.dll
 0002:00000104       __imp__FlushFileBuffers@4  1000f104     kernel32:KERNEL32.dll
 0002:00000108       __imp__InterlockedDecrement@4 1000f108     kernel32:KERNEL32.dll
 0002:0000010c       __imp__InterlockedIncrement@4 1000f10c     kernel32:KERNEL32.dll
 0002:00000110       __imp__MultiByteToWideChar@24 1000f110     kernel32:KERNEL32.dll
 0002:00000114       __imp__LCMapStringA@24     1000f114     kernel32:KERNEL32.dll
 0002:00000118       __imp__LCMapStringW@24     1000f118     kernel32:KERNEL32.dll
 0002:0000011c       __imp__GetStringTypeA@20   1000f11c     kernel32:KERNEL32.dll
 0002:00000120       __imp__GetStringTypeW@16   1000f120     kernel32:KERNEL32.dll
 0002:00000124       __imp__CreateFileA@28      1000f124     kernel32:KERNEL32.dll
 0002:00000128       __imp__SetFilePointer@16   1000f128     kernel32:KERNEL32.dll
 0002:0000012c       __imp__GetProcAddress@8    1000f12c     kernel32:KERNEL32.dll
 0002:00000130       __imp__LoadLibraryA@4      1000f130     kernel32:KERNEL32.dll
 0002:00000134       __imp__SetEndOfFile@4      1000f134     kernel32:KERNEL32.dll
 0002:00000138       __imp__ReadFile@20         1000f138     kernel32:KERNEL32.dll
 0002:0000013c       __imp__IsValidLocale@8     1000f13c     kernel32:KERNEL32.dll
 0002:00000140       __imp__IsValidCodePage@4   1000f140     kernel32:KERNEL32.dll
 0002:00000144       __imp__GetLocaleInfoA@16   1000f144     kernel32:KERNEL32.dll
 0002:00000148       __imp__EnumSystemLocalesA@8 1000f148     kernel32:KERNEL32.dll
 0002:0000014c       __imp__GetUserDefaultLCID@0 1000f14c     kernel32:KERNEL32.dll
 0002:00000150       __imp__CompareStringA@24   1000f150     kernel32:KERNEL32.dll
 0002:00000154       __imp__GetLocaleInfoW@16   1000f154     kernel32:KERNEL32.dll
 0002:00000158       \177KERNEL32_NULL_THUNK_DATA 1000f158     kernel32:KERNEL32.dll
 0002:0000015c       __imp__timeSetEvent@20     1000f15c     Winmm:WINMM.dll
 0002:00000160       \177WINMM_NULL_THUNK_DATA  1000f160     Winmm:WINMM.dll
 0002:000001cc       ___lookuptable             1000f1cc     LIBCMT:output.obj
 0002:00000228       ??_C@_1O@POHA@?$AA?$CI?$AAn?$AAu?$AAl?$AAl?$AA?$CJ?$AA?$AA@ 1000f228     LIBCMT:output.obj
 0002:00000238       ??_C@_06ONKE@?$CInull?$CJ?$AA@ 1000f238     LIBCMT:output.obj
 0002:00000240       ??_C@_0BH@PHHF@__GLOBAL_HEAP_SELECTED?$AA@ 1000f240     LIBCMT:heapinit.obj
 0002:00000258       ??_C@_0BF@BBGL@__MSVCRT_HEAP_SELECT?$AA@ 1000f258     LIBCMT:heapinit.obj
 0002:00000288       ??_C@_0P@GGKG@runtime?5error?5?$AA@ 1000f288     LIBCMT:crt0msg.obj
 0002:00000298       ??_C@_02PIMC@?$AN?6?$AA@   1000f298     LIBCMT:crt0msg.obj
 0002:0000029c       ??_C@_0O@DELO@TLOSS?5error?$AN?6?$AA@ 1000f29c     LIBCMT:crt0msg.obj
 0002:000002ac       ??_C@_0N@OMLL@SING?5error?$AN?6?$AA@ 1000f2ac     LIBCMT:crt0msg.obj
 0002:000002bc       ??_C@_0P@OJAK@DOMAIN?5error?$AN?6?$AA@ 1000f2bc     LIBCMT:crt0msg.obj
 0002:000002cc       ??_C@_0CF@EANP@R6028?$AN?6?9?5unable?5to?5initialize?5he@ 1000f2cc     LIBCMT:crt0msg.obj
 0002:000002f4       ??_C@_0DF@ECGN@R6027?$AN?6?9?5not?5enough?5space?5for?5lo@ 1000f2f4     LIBCMT:crt0msg.obj
 0002:0000032c       ??_C@_0DF@FKAC@R6026?$AN?6?9?5not?5enough?5space?5for?5st@ 1000f32c     LIBCMT:crt0msg.obj
 0002:00000364       ??_C@_0CG@DPMN@R6025?$AN?6?9?5pure?5virtual?5function?5c@ 1000f364     LIBCMT:crt0msg.obj
 0002:0000038c       ??_C@_0DF@CKIP@R6024?$AN?6?9?5not?5enough?5space?5for?5_o@ 1000f38c     LIBCMT:crt0msg.obj
 0002:000003c4       ??_C@_0CJ@GGOE@R6019?$AN?6?9?5unable?5to?5open?5console?5@ 1000f3c4     LIBCMT:crt0msg.obj
 0002:000003f0       ??_C@_0CB@LBOB@R6018?$AN?6?9?5unexpected?5heap?5error?$AN?6@ 1000f3f0     LIBCMT:crt0msg.obj
 0002:00000414       ??_C@_0CN@FPEG@R6017?$AN?6?9?5unexpected?5multithread?5@ 1000f414     LIBCMT:crt0msg.obj
 0002:00000444       ??_C@_0CM@OBIC@R6016?$AN?6?9?5not?5enough?5space?5for?5th@ 1000f444     LIBCMT:crt0msg.obj
 0002:00000470       ??_C@_0CB@HPAL@?$AN?6abnormal?5program?5termination?$AN?6@ 1000f470     LIBCMT:crt0msg.obj
 0002:00000494       ??_C@_0CM@JOOB@R6009?$AN?6?9?5not?5enough?5space?5for?5en@ 1000f494     LIBCMT:crt0msg.obj
 0002:000004c0       ??_C@_0CK@OIBL@R6008?$AN?6?9?5not?5enough?5space?5for?5ar@ 1000f4c0     LIBCMT:crt0msg.obj
 0002:000004ec       ??_C@_0CF@LKPB@R6002?$AN?6?9?5floating?5point?5not?5load@ 1000f4ec     LIBCMT:crt0msg.obj
 0002:00000514       ??_C@_0CF@JPDF@Microsoft?5Visual?5C?$CL?$CL?5Runtime?5Lib@ 1000f514     LIBCMT:crt0msg.obj
 0002:0000053c       ??_C@_02JJJH@?6?6?$AA@     1000f53c     LIBCMT:crt0msg.obj
 0002:00000540       ??_C@_0BK@DEOK@Runtime?5Error?$CB?6?6Program?3?5?$AA@ 1000f540     LIBCMT:crt0msg.obj
 0002:0000055c       ??_C@_03NAME@?4?4?4?$AA@   1000f55c     LIBCMT:crt0msg.obj
 0002:00000560       ??_C@_0BH@NNCD@?$DMprogram?5name?5unknown?$DO?$AA@ 1000f560     LIBCMT:crt0msg.obj
 0002:00000578       ??_C@_01A@?$AA?$AA@        1000f578     LIBCMT:a_map.obj
 0002:0000057c       ??_C@_13A@?$AA?$AA?$AA?$AA@ 1000f57c     LIBCMT:a_map.obj
 0002:000005a4       ___dnames                  1000f5a4     LIBCMT:timeset.obj
 0002:000005bc       ___mnames                  1000f5bc     LIBCMT:timeset.obj
 0002:000005e4       ??_C@_02JHIA@TZ?$AA@       1000f5e4     LIBCMT:tzset.obj
 0002:000005e8       ??_C@_0BD@NJFP@GetLastActivePopup?$AA@ 1000f5e8     LIBCMT:crtmbox.obj
 0002:000005fc       ??_C@_0BA@GILI@GetActiveWindow?$AA@ 1000f5fc     LIBCMT:crtmbox.obj
 0002:0000060c       ??_C@_0M@PKCK@MessageBoxA?$AA@ 1000f60c     LIBCMT:crtmbox.obj
 0002:00000618       ??_C@_0L@HKL@user32?4dll?$AA@ 1000f618     LIBCMT:crtmbox.obj
 0002:00000624       ??_C@_07PCLE@LC_TIME?$AA@  1000f624     LIBCMT:setlocal.obj
 0002:0000062c       ??_C@_0L@NKG@LC_NUMERIC?$AA@ 1000f62c     LIBCMT:setlocal.obj
 0002:00000638       ??_C@_0M@CBIH@LC_MONETARY?$AA@ 1000f638     LIBCMT:setlocal.obj
 0002:00000644       ??_C@_08LFGE@LC_CTYPE?$AA@ 1000f644     LIBCMT:setlocal.obj
 0002:00000650       ??_C@_0L@CFLC@LC_COLLATE?$AA@ 1000f650     LIBCMT:setlocal.obj
 0002:0000065c       ??_C@_06GCPK@LC_ALL?$AA@   1000f65c     LIBCMT:setlocal.obj
 0002:00000664       ??_C@_01FAJB@?$DL?$AA@     1000f664     LIBCMT:setlocal.obj
 0002:00000668       ??_C@_02BGDO@?$DN?$DL?$AA@ 1000f668     LIBCMT:setlocal.obj
 0002:0000066c       ??_C@_01KPOD@?$DN?$AA@     1000f66c     LIBCMT:setlocal.obj
 0002:00000670       ??_C@_03DBOJ@_?4?0?$AA@    1000f670     LIBCMT:setlocal.obj
 0002:00000674       ??_C@_01PJCK@?4?$AA@       1000f674     LIBCMT:setlocal.obj
 0002:00000678       ??_C@_01NON@_?$AA@         1000f678     LIBCMT:setlocal.obj
 0002:0000067c       ??_C@_08OBJD@Paraguay?$AA@ 1000f67c     LIBCMT:getqloc.obj
 0002:00000688       ??_C@_07GLKH@Uruguay?$AA@  1000f688     LIBCMT:getqloc.obj
 0002:00000690       ??_C@_05FPFC@Chile?$AA@    1000f690     LIBCMT:getqloc.obj
 0002:00000698       ??_C@_07IIGF@Ecuador?$AA@  1000f698     LIBCMT:getqloc.obj
 0002:000006a0       ??_C@_09PKAL@Argentina?$AA@ 1000f6a0     LIBCMT:getqloc.obj
 0002:000006ac       ??_C@_04LKAH@Peru?$AA@     1000f6ac     LIBCMT:getqloc.obj
 0002:000006b4       ??_C@_08NEEM@Colombia?$AA@ 1000f6b4     LIBCMT:getqloc.obj
 0002:000006c0       ??_C@_09ODEB@Venezuela?$AA@ 1000f6c0     LIBCMT:getqloc.obj
 0002:000006cc       ??_C@_0BD@CLEL@Dominican?5Republic?$AA@ 1000f6cc     LIBCMT:getqloc.obj
 0002:000006e0       ??_C@_0N@MDGL@South?5Africa?$AA@ 1000f6e0     LIBCMT:getqloc.obj
 0002:000006f0       ??_C@_06NKBG@Panama?$AA@   1000f6f0     LIBCMT:getqloc.obj
 0002:000006f8       ??_C@_0L@BMHO@Luxembourg?$AA@ 1000f6f8     LIBCMT:getqloc.obj
 0002:00000704       ??_C@_0L@IMDK@Costa?5Rica?$AA@ 1000f704     LIBCMT:getqloc.obj
 0002:00000710       ??_C@_0M@BLJF@Switzerland?$AA@ 1000f710     LIBCMT:getqloc.obj
 0002:0000071c       ??_C@_09KBOL@Guatemala?$AA@ 1000f71c     LIBCMT:getqloc.obj
 0002:00000728       ??_C@_06JNAK@Canada?$AA@   1000f728     LIBCMT:getqloc.obj
 0002:00000730       ??_C@_0BG@OLLP@Spanish?5?9?5Modern?5Sort?$AA@ 1000f730     LIBCMT:getqloc.obj
 0002:00000748       ??_C@_09IDKE@Australia?$AA@ 1000f748     LIBCMT:getqloc.obj
 0002:00000754       ??_C@_07JJJJ@English?$AA@  1000f754     LIBCMT:getqloc.obj
 0002:0000075c       ??_C@_07NMDO@Austria?$AA@  1000f75c     LIBCMT:getqloc.obj
 0002:00000764       ??_C@_06DEFE@German?$AA@   1000f764     LIBCMT:getqloc.obj
 0002:0000076c       ??_C@_07JAIH@Belgium?$AA@  1000f76c     LIBCMT:getqloc.obj
 0002:00000774       ??_C@_06BNLJ@Mexico?$AA@   1000f774     LIBCMT:getqloc.obj
 0002:0000077c       ??_C@_07JHAG@Spanish?$AA@  1000f77c     LIBCMT:getqloc.obj
 0002:00000784       ??_C@_06DADE@Basque?$AA@   1000f784     LIBCMT:getqloc.obj
 0002:0000078c       ??_C@_06ENFP@Sweden?$AA@   1000f78c     LIBCMT:getqloc.obj
 0002:00000794       ??_C@_07JPMH@Swedish?$AA@  1000f794     LIBCMT:getqloc.obj
 0002:0000079c       ??_C@_07IEKF@Iceland?$AA@  1000f79c     LIBCMT:getqloc.obj
 0002:000007a4       ??_C@_09KNEA@Icelandic?$AA@ 1000f7a4     LIBCMT:getqloc.obj
 0002:000007b0       ??_C@_06IJOD@France?$AA@   1000f7b0     LIBCMT:getqloc.obj
 0002:000007b8       ??_C@_06EINI@French?$AA@   1000f7b8     LIBCMT:getqloc.obj
 0002:000007c0       ??_C@_07FOOE@Finland?$AA@  1000f7c0     LIBCMT:getqloc.obj
 0002:000007c8       ??_C@_07OJOM@Finnish?$AA@  1000f7c8     LIBCMT:getqloc.obj
 0002:000007d0       ??_C@_05FFAC@Spain?$AA@    1000f7d0     LIBCMT:getqloc.obj
 0002:000007d8       ??_C@_0BL@BIHM@Spanish?5?9?5Traditional?5Sort?$AA@ 1000f7d8     LIBCMT:getqloc.obj
 0002:000007f4       ??_C@_0O@GLHB@united?9states?$AA@ 1000f7f4     LIBCMT:getqloc.obj
 0002:00000804       ??_C@_0P@IIKK@united?9kingdom?$AA@ 1000f804     LIBCMT:getqloc.obj
 0002:00000814       ??_C@_0BC@FHBO@trinidad?5?$CG?5tobago?$AA@ 1000f814     LIBCMT:getqloc.obj
 0002:00000828       ??_C@_0M@BDFM@south?9korea?$AA@ 1000f828     LIBCMT:getqloc.obj
 0002:00000834       ??_C@_0N@CKFA@south?9africa?$AA@ 1000f834     LIBCMT:getqloc.obj
 0002:00000844       ??_C@_0M@HNHN@south?5korea?$AA@ 1000f844     LIBCMT:getqloc.obj
 0002:00000850       ??_C@_0N@MKDO@south?5africa?$AA@ 1000f850     LIBCMT:getqloc.obj
 0002:00000860       ??_C@_06KFFJ@slovak?$AA@   1000f860     LIBCMT:getqloc.obj
 0002:00000868       ??_C@_0M@NMAC@puerto?9rico?$AA@ 1000f868     LIBCMT:getqloc.obj
 0002:00000874       ??_C@_08EJOH@pr?9china?$AA@ 1000f874     LIBCMT:getqloc.obj
 0002:00000880       ??_C@_08CHMG@pr?5china?$AA@ 1000f880     LIBCMT:getqloc.obj
 0002:0000088c       ??_C@_02OCJK@nz?$AA@       1000f88c     LIBCMT:getqloc.obj
 0002:00000890       ??_C@_0M@MMKA@new?9zealand?$AA@ 1000f890     LIBCMT:getqloc.obj
 0002:0000089c       ??_C@_09MGEH@hong?9kong?$AA@ 1000f89c     LIBCMT:getqloc.obj
 0002:000008a8       ??_C@_07CCAK@holland?$AA@  1000f8a8     LIBCMT:getqloc.obj
 0002:000008b0       ??_C@_0O@MEPL@great?5britain?$AA@ 1000f8b0     LIBCMT:getqloc.obj
 0002:000008c0       ??_C@_07LGIB@england?$AA@  1000f8c0     LIBCMT:getqloc.obj
 0002:000008c8       ??_C@_05BMOA@czech?$AA@    1000f8c8     LIBCMT:getqloc.obj
 0002:000008d0       ??_C@_05NMPB@china?$AA@    1000f8d0     LIBCMT:getqloc.obj
 0002:000008d8       ??_C@_07GN@britain?$AA@    1000f8d8     LIBCMT:getqloc.obj
 0002:000008e0       ??_C@_07DLAK@america?$AA@  1000f8e0     LIBCMT:getqloc.obj
 0002:000008e8       ??_C@_03IPEP@usa?$AA@      1000f8e8     LIBCMT:getqloc.obj
 0002:000008ec       ??_C@_02PILH@us?$AA@       1000f8ec     LIBCMT:getqloc.obj
 0002:000008f0       ??_C@_02FHP@uk?$AA@        1000f8f0     LIBCMT:getqloc.obj
 0002:000008f4       ??_C@_05DEAI@swiss?$AA@    1000f8f4     LIBCMT:getqloc.obj
 0002:000008fc       ??_C@_0BA@LIAF@swedish?9finland?$AA@ 1000f8fc     LIBCMT:getqloc.obj
 0002:0000090c       ??_C@_0BC@FMEG@spanish?9venezuela?$AA@ 1000f90c     LIBCMT:getqloc.obj
 0002:00000920       ??_C@_0BA@BNMG@spanish?9uruguay?$AA@ 1000f920     LIBCMT:getqloc.obj
 0002:00000930       ??_C@_0BE@BKDJ@spanish?9puerto?5rico?$AA@ 1000f930     LIBCMT:getqloc.obj
 0002:00000944       ??_C@_0N@JIBL@spanish?9peru?$AA@ 1000f944     LIBCMT:getqloc.obj
 0002:00000954       ??_C@_0BB@OGOF@spanish?9paraguay?$AA@ 1000f954     LIBCMT:getqloc.obj
 0002:00000968       ??_C@_0P@LLFA@spanish?9panama?$AA@ 1000f968     LIBCMT:getqloc.obj
 0002:00000978       ??_C@_0BC@BBJM@spanish?9nicaragua?$AA@ 1000f978     LIBCMT:getqloc.obj
 0002:0000098c       ??_C@_0P@NJBN@spanish?9modern?$AA@ 1000f98c     LIBCMT:getqloc.obj
 0002:0000099c       ??_C@_0BA@NHDN@spanish?9mexican?$AA@ 1000f99c     LIBCMT:getqloc.obj
 0002:000009ac       ??_C@_0BB@JHOJ@spanish?9honduras?$AA@ 1000f9ac     LIBCMT:getqloc.obj
 0002:000009c0       ??_C@_0BC@BOOM@spanish?9guatemala?$AA@ 1000f9c0     LIBCMT:getqloc.obj
 0002:000009d4       ??_C@_0BE@EELI@spanish?9el?5salvador?$AA@ 1000f9d4     LIBCMT:getqloc.obj
 0002:000009e8       ??_C@_0BA@POAE@spanish?9ecuador?$AA@ 1000f9e8     LIBCMT:getqloc.obj
 0002:000009f8       ??_C@_0BL@LDKN@spanish?9dominican?5republic?$AA@ 1000f9f8     LIBCMT:getqloc.obj
 0002:00000a14       ??_C@_0BD@HPMH@spanish?9costa?5rica?$AA@ 1000fa14     LIBCMT:getqloc.obj
 0002:00000a28       ??_C@_0BB@NDDK@spanish?9colombia?$AA@ 1000fa28     LIBCMT:getqloc.obj
 0002:00000a3c       ??_C@_0O@BJHA@spanish?9chile?$AA@ 1000fa3c     LIBCMT:getqloc.obj
 0002:00000a4c       ??_C@_0BA@OBNG@spanish?9bolivia?$AA@ 1000fa4c     LIBCMT:getqloc.obj
 0002:00000a5c       ??_C@_0BC@EFAM@spanish?9argentina?$AA@ 1000fa5c     LIBCMT:getqloc.obj
 0002:00000a70       ??_C@_0BF@KMMM@portuguese?9brazilian?$AA@ 1000fa70     LIBCMT:getqloc.obj
 0002:00000a88       ??_C@_0BC@BAAE@norwegian?9nynorsk?$AA@ 1000fa88     LIBCMT:getqloc.obj
 0002:00000a9c       ??_C@_0BB@PBHK@norwegian?9bokmal?$AA@ 1000fa9c     LIBCMT:getqloc.obj
 0002:00000ab0       ??_C@_09EHKL@norwegian?$AA@ 1000fab0     LIBCMT:getqloc.obj
 0002:00000abc       ??_C@_0O@BEAN@italian?9swiss?$AA@ 1000fabc     LIBCMT:getqloc.obj
 0002:00000acc       ??_C@_0O@OIFK@irish?9english?$AA@ 1000facc     LIBCMT:getqloc.obj
 0002:00000adc       ??_C@_0N@NBPL@german?9swiss?$AA@ 1000fadc     LIBCMT:getqloc.obj
 0002:00000aec       ??_C@_0BC@ICFJ@german?9luxembourg?$AA@ 1000faec     LIBCMT:getqloc.obj
 0002:00000b00       ??_C@_0BE@GGPC@german?9lichtenstein?$AA@ 1000fb00     LIBCMT:getqloc.obj
 0002:00000b14       ??_C@_0BA@MKDC@german?9austrian?$AA@ 1000fb14     LIBCMT:getqloc.obj
 0002:00000b24       ??_C@_0N@ODNB@french?9swiss?$AA@ 1000fb24     LIBCMT:getqloc.obj
 0002:00000b34       ??_C@_0BC@MGCM@french?9luxembourg?$AA@ 1000fb34     LIBCMT:getqloc.obj
 0002:00000b48       ??_C@_0BA@NABK@french?9canadian?$AA@ 1000fb48     LIBCMT:getqloc.obj
 0002:00000b58       ??_C@_0P@CJNO@french?9belgian?$AA@ 1000fb58     LIBCMT:getqloc.obj
 0002:00000b68       ??_C@_0M@LJOL@english?9usa?$AA@ 1000fb68     LIBCMT:getqloc.obj
 0002:00000b74       ??_C@_0L@FMNC@english?9us?$AA@ 1000fb74     LIBCMT:getqloc.obj
 0002:00000b80       ??_C@_0L@KBBK@english?9uk?$AA@ 1000fb80     LIBCMT:getqloc.obj
 0002:00000b8c       ??_C@_0BK@NDDE@english?9trinidad?5y?5tobago?$AA@ 1000fb8c     LIBCMT:getqloc.obj
 0002:00000ba8       ??_C@_0BF@LKML@english?9south?5africa?$AA@ 1000fba8     LIBCMT:getqloc.obj
 0002:00000bc0       ??_C@_0L@EGPP@english?9nz?$AA@ 1000fbc0     LIBCMT:getqloc.obj
 0002:00000bcc       ??_C@_0BA@HLH@english?9jamaica?$AA@ 1000fbcc     LIBCMT:getqloc.obj
 0002:00000bdc       ??_C@_0M@PMJI@english?9ire?$AA@ 1000fbdc     LIBCMT:getqloc.obj
 0002:00000be8       ??_C@_0BC@HINE@english?9caribbean?$AA@ 1000fbe8     LIBCMT:getqloc.obj
 0002:00000bfc       ??_C@_0M@DCFH@english?9can?$AA@ 1000fbfc     LIBCMT:getqloc.obj
 0002:00000c08       ??_C@_0P@DGHK@english?9belize?$AA@ 1000fc08     LIBCMT:getqloc.obj
 0002:00000c18       ??_C@_0M@FLHK@english?9aus?$AA@ 1000fc18     LIBCMT:getqloc.obj
 0002:00000c24       ??_C@_0BB@HNCK@english?9american?$AA@ 1000fc24     LIBCMT:getqloc.obj
 0002:00000c38       ??_C@_0O@PAMI@dutch?9belgian?$AA@ 1000fc38     LIBCMT:getqloc.obj
 0002:00000c48       ??_C@_0BE@FPEJ@chinese?9traditional?$AA@ 1000fc48     LIBCMT:getqloc.obj
 0002:00000c5c       ??_C@_0BC@CHFL@chinese?9singapore?$AA@ 1000fc5c     LIBCMT:getqloc.obj
 0002:00000c70       ??_C@_0BD@DCMH@chinese?9simplified?$AA@ 1000fc70     LIBCMT:getqloc.obj
 0002:00000c84       ??_C@_0BB@JMOE@chinese?9hongkong?$AA@ 1000fc84     LIBCMT:getqloc.obj
 0002:00000c98       ??_C@_07NGFN@chinese?$AA@  1000fc98     LIBCMT:getqloc.obj
 0002:00000ca0       ??_C@_03PCOI@chi?$AA@      1000fca0     LIBCMT:getqloc.obj
 0002:00000ca4       ??_C@_03FIHP@chh?$AA@      1000fca4     LIBCMT:getqloc.obj
 0002:00000ca8       ??_C@_08HFLO@canadian?$AA@ 1000fca8     LIBCMT:getqloc.obj
 0002:00000cb4       ??_C@_07INIJ@belgian?$AA@  1000fcb4     LIBCMT:getqloc.obj
 0002:00000cbc       ??_C@_0L@LCCA@australian?$AA@ 1000fcbc     LIBCMT:getqloc.obj
 0002:00000cc8       ??_C@_0BB@BJIO@american?9english?$AA@ 1000fcc8     LIBCMT:getqloc.obj
 0002:00000cdc       ??_C@_0BB@DAGO@american?5english?$AA@ 1000fcdc     LIBCMT:getqloc.obj
 0002:00000cf0       ??_C@_08HENB@american?$AA@ 1000fcf0     LIBCMT:getqloc.obj
 0002:00000cfc       ??_C@_03DGJE@OCP?$AA@      1000fcfc     LIBCMT:getqloc.obj
 0002:00000d00       ??_C@_03EKFG@ACP?$AA@      1000fd00     LIBCMT:getqloc.obj
 0002:00000d04       ??_C@_07CJME@H?3mm?3ss?$AA@ 1000fd04     LIBCMT:strftime.obj
 0002:00000d0c       ??_C@_0BE@MHI@dddd?0?5MMMM?5dd?0?5yyyy?$AA@ 1000fd0c     LIBCMT:strftime.obj
 0002:00000d20       ??_C@_06HCAD@M?1d?1yy?$AA@ 1000fd20     LIBCMT:strftime.obj
 0002:00000d28       ??_C@_02DBLP@PM?$AA@       1000fd28     LIBCMT:strftime.obj
 0002:00000d2c       ??_C@_02ENLM@AM?$AA@       1000fd2c     LIBCMT:strftime.obj
 0002:00000d30       ??_C@_08LIDF@December?$AA@ 1000fd30     LIBCMT:strftime.obj
 0002:00000d3c       ??_C@_08NJLI@November?$AA@ 1000fd3c     LIBCMT:strftime.obj
 0002:00000d48       ??_C@_07IAMM@October?$AA@  1000fd48     LIBCMT:strftime.obj
 0002:00000d50       ??_C@_09MKGD@September?$AA@ 1000fd50     LIBCMT:strftime.obj
 0002:00000d5c       ??_C@_06PADP@August?$AA@   1000fd5c     LIBCMT:strftime.obj
 0002:00000d64       ??_C@_04PIJO@July?$AA@     1000fd64     LIBCMT:strftime.obj
 0002:00000d6c       ??_C@_04ICFP@June?$AA@     1000fd6c     LIBCMT:strftime.obj
 0002:00000d74       ??_C@_05JFGC@April?$AA@    1000fd74     LIBCMT:strftime.obj
 0002:00000d7c       ??_C@_05FGPD@March?$AA@    1000fd7c     LIBCMT:strftime.obj
 0002:00000d84       ??_C@_08PGBA@February?$AA@ 1000fd84     LIBCMT:strftime.obj
 0002:00000d90       ??_C@_07BPKJ@January?$AA@  1000fd90     LIBCMT:strftime.obj
 0002:00000d98       ??_C@_03PGJO@Dec?$AA@      1000fd98     LIBCMT:strftime.obj
 0002:00000d9c       ??_C@_03PDLM@Nov?$AA@      1000fd9c     LIBCMT:strftime.obj
 0002:00000da0       ??_C@_03BLHK@Oct?$AA@      1000fda0     LIBCMT:strftime.obj
 0002:00000da4       ??_C@_03DPFM@Sep?$AA@      1000fda4     LIBCMT:strftime.obj
 0002:00000da8       ??_C@_03CMCH@Aug?$AA@      1000fda8     LIBCMT:strftime.obj
 0002:00000dac       ??_C@_03OBKI@Jul?$AA@      1000fdac     LIBCMT:strftime.obj
 0002:00000db0       ??_C@_03LEIG@Jun?$AA@      1000fdb0     LIBCMT:strftime.obj
 0002:00000db4       ??_C@_03MGHB@May?$AA@      1000fdb4     LIBCMT:strftime.obj
 0002:00000db8       ??_C@_03MJJM@Apr?$AA@      1000fdb8     LIBCMT:strftime.obj
 0002:00000dbc       ??_C@_03GNHA@Mar?$AA@      1000fdbc     LIBCMT:strftime.obj
 0002:00000dc0       ??_C@_03PICE@Feb?$AA@      1000fdc0     LIBCMT:strftime.obj
 0002:00000dc4       ??_C@_03IEIF@Jan?$AA@      1000fdc4     LIBCMT:strftime.obj
 0002:00000dc8       ??_C@_08FAKH@Saturday?$AA@ 1000fdc8     LIBCMT:strftime.obj
 0002:00000dd4       ??_C@_06ONCK@Friday?$AA@   1000fdd4     LIBCMT:strftime.obj
 0002:00000ddc       ??_C@_08CCFO@Thursday?$AA@ 1000fddc     LIBCMT:strftime.obj
 0002:00000de8       ??_C@_09PBIN@Wednesday?$AA@ 1000fde8     LIBCMT:strftime.obj
 0002:00000df4       ??_C@_07BMBC@Tuesday?$AA@  1000fdf4     LIBCMT:strftime.obj
 0002:00000dfc       ??_C@_06CHLK@Monday?$AA@   1000fdfc     LIBCMT:strftime.obj
 0002:00000e04       ??_C@_06OOEM@Sunday?$AA@   1000fe04     LIBCMT:strftime.obj
 0002:00000e0c       ??_C@_03MPKK@Sat?$AA@      1000fe0c     LIBCMT:strftime.obj
 0002:00000e10       ??_C@_03FINJ@Fri?$AA@      1000fe10     LIBCMT:strftime.obj
 0002:00000e14       ??_C@_03HIKC@Thu?$AA@      1000fe14     LIBCMT:strftime.obj
 0002:00000e18       ??_C@_03HECK@Wed?$AA@      1000fe18     LIBCMT:strftime.obj
 0002:00000e1c       ??_C@_03ECCP@Tue?$AA@      1000fe1c     LIBCMT:strftime.obj
 0002:00000e20       ??_C@_03PIEP@Mon?$AA@      1000fe20     LIBCMT:strftime.obj
 0002:00000e24       ??_C@_03FHEP@Sun?$AA@      1000fe24     LIBCMT:strftime.obj
 0002:00000e28       ??_C@_03MKGK@a?1p?$AA@     1000fe28     LIBCMT:strftime.obj
 0002:00000e2c       ??_C@_05BDJK@am?1pm?$AA@   1000fe2c     LIBCMT:strftime.obj
 0002:00000ea0       __IMPORT_DESCRIPTOR_KERNEL32 1000fea0     kernel32:KERNEL32.dll
 0002:00000eb4       __IMPORT_DESCRIPTOR_Comm   1000feb4     Comm:Comm.dll
 0002:00000ec8       __IMPORT_DESCRIPTOR_WINMM  1000fec8     Winmm:WINMM.dll
 0002:00000edc       __NULL_IMPORT_DESCRIPTOR   1000fedc     kernel32:KERNEL32.dll
 0003:00000000       ___xc_a                    10011000     LIBCMT:crt0init.obj
 0003:00000004       ___xc_z                    10011004     LIBCMT:crt0init.obj
 0003:00000008       ___xi_a                    10011008     LIBCMT:crt0init.obj
 0003:00000014       ___xi_z                    10011014     LIBCMT:crt0init.obj
 0003:00000018       ___xp_a                    10011018     LIBCMT:crt0init.obj
 0003:00000020       ___xp_z                    10011020     LIBCMT:crt0init.obj
 0003:00000024       ___xt_a                    10011024     LIBCMT:crt0init.obj
 0003:00000028       ___xt_z                    10011028     LIBCMT:crt0init.obj
 0003:00000560       __aexit_rtn                10011560     LIBCMT:dllcrt0.obj
 0003:00000568       __iob                      10011568     LIBCMT:_file.obj
 0003:000007e8       ___nullstring              100117e8     LIBCMT:output.obj
 0003:000007ec       ___wnullstring             100117ec     LIBCMT:output.obj
 0003:000008e8       __amblksiz                 100118e8     LIBCMT:heapinit.obj
 0003:000008f0       ___old_small_block_heap    100118f0     LIBCMT:sbheap.obj
 0003:00002914       ___old_sbh_threshold       10013914     LIBCMT:sbheap.obj
 0003:00002918       __locktable                10013918     LIBCMT:mlock.obj
 0003:000029d8       __NLG_Destination          100139d8     LIBCMT:exsup.obj
 0003:00002b50       ___tlsindex                10013b50     LIBCMT:tidtable.obj
 0003:00002b58       __XcptActTab               10013b58     LIBCMT:winxfltr.obj
 0003:00002bd0       __First_FPE_Indx           10013bd0     LIBCMT:winxfltr.obj
 0003:00002bd4       __Num_FPE                  10013bd4     LIBCMT:winxfltr.obj
 0003:00002bd8       __XcptActTabSize           10013bd8     LIBCMT:winxfltr.obj
 0003:00002bdc       __XcptActTabCount          10013bdc     LIBCMT:winxfltr.obj
 0003:00002be0       __pctype                   10013be0     LIBCMT:ctype.obj
 0003:00002be4       __pwctype                  10013be4     LIBCMT:ctype.obj
 0003:00002be8       __ctype                    10013be8     LIBCMT:ctype.obj
 0003:00002dec       ___mb_cur_max              10013dec     LIBCMT:nlsdata1.obj
 0003:00002df0       ___decimal_point           10013df0     LIBCMT:nlsdata1.obj
 0003:00002df4       ___decimal_point_length    10013df4     LIBCMT:nlsdata1.obj
 0003:00002e00       ___badioinfo               10013e00     LIBCMT:ioinit.obj
 0003:00002eb8       __cfltcvt_tab              10013eb8     LIBCMT:cmiscdat.obj
 0003:00002ed0       __timezone                 10013ed0     LIBCMT:timeset.obj
 0003:00002ed4       __daylight                 10013ed4     LIBCMT:timeset.obj
 0003:00002ed8       __dstbias                  10013ed8     LIBCMT:timeset.obj
 0003:00002f5c       __tzname                   10013f5c     LIBCMT:timeset.obj
 0003:00002f84       __lpdays                   10013f84     LIBCMT:days.obj
 0003:00002fb8       __days                     10013fb8     LIBCMT:days.obj
 0003:000030f8       ___lc_category             100140f8     LIBCMT:setlocal.obj
 0003:00003140       ___rgLocInfo               10014140     LIBCMT:getqloc.obj
 0003:000035e4       ___rglangidNotDefault      100145e4     LIBCMT:getqloc.obj
 0003:000035f8       ___rg_country              100145f8     LIBCMT:getqloc.obj
 0003:000036b0       ___rg_language             100146b0     LIBCMT:getqloc.obj
 0003:000038b8       ___lc_time_curr            100148b8     LIBCMT:strftime.obj
 0003:000038c0       ___lc_time_c               100148c0     LIBCMT:strftime.obj
 0003:00003970       ___lconv_static_decimal    10014970     LIBCMT:lconv.obj
 0003:00003978       ___lconv_c                 10014978     LIBCMT:lconv.obj
 0003:000039a8       ___lconv                   100149a8     LIBCMT:lconv.obj
 0003:0000bac8       _szHead                    1001cac8     Timer.obj
 0003:0000bf4c       _pabsHead                  1001cf4c     Timer.obj
 0003:0000bf50       _pabsCur                   1001cf50     Timer.obj
 0003:0000bf54       _pabsTail                  1001cf54     Timer.obj
 0003:0000bf84       __aenvptr                  1001cf84     LIBCMT:dllcrt0.obj
 0003:0000bf88       __wenvptr                  1001cf88     LIBCMT:dllcrt0.obj
 0003:0000bf8c       ___error_mode              1001cf8c     LIBCMT:dllcrt0.obj
 0003:0000bf90       ___app_type                1001cf90     LIBCMT:dllcrt0.obj
 0003:0000bf94       __cflush                   1001cf94     LIBCMT:_file.obj
 0003:0000bf98       __stdbuf                   1001cf98     LIBCMT:_sftbuf.obj
 0003:0000c008       __newmode                  1001d008     LIBCMT:_newmode.obj
 0003:0000c00c       ?_pnhHeap@@3P6AHI@ZA       1001d00c     LIBCMT:handler.obj
 0003:0000c010       __umaskval                 1001d010     LIBCMT:crt0dat.obj
 0003:0000c014       __osver                    1001d014     LIBCMT:crt0dat.obj
 0003:0000c018       __winver                   1001d018     LIBCMT:crt0dat.obj
 0003:0000c01c       __winmajor                 1001d01c     LIBCMT:crt0dat.obj
 0003:0000c020       __winminor                 1001d020     LIBCMT:crt0dat.obj
 0003:0000c024       ___argc                    1001d024     LIBCMT:crt0dat.obj
 0003:0000c028       ___argv                    1001d028     LIBCMT:crt0dat.obj
 0003:0000c02c       ___wargv                   1001d02c     LIBCMT:crt0dat.obj
 0003:0000c030       __environ                  1001d030     LIBCMT:crt0dat.obj
 0003:0000c034       ___initenv                 1001d034     LIBCMT:crt0dat.obj
 0003:0000c038       __wenviron                 1001d038     LIBCMT:crt0dat.obj
 0003:0000c03c       ___winitenv                1001d03c     LIBCMT:crt0dat.obj
 0003:0000c040       __pgmptr                   1001d040     LIBCMT:crt0dat.obj
 0003:0000c044       __wpgmptr                  1001d044     LIBCMT:crt0dat.obj
 0003:0000c048       __exitflag                 1001d048     LIBCMT:crt0dat.obj
 0003:0000c04c       __C_Termination_Done       1001d04c     LIBCMT:crt0dat.obj
 0003:0000c050       __C_Exit_Done              1001d050     LIBCMT:crt0dat.obj
 0003:0000c15c       __adbgmsg                  1001d15c     LIBCMT:crt0msg.obj
 0003:0000c160       ___lc_handle               1001d160     LIBCMT:nlsdata2.obj
 0003:0000c178       ___lc_codepage             1001d178     LIBCMT:nlsdata2.obj
 0003:0000c17c       ___lc_collate_cp           1001d17c     LIBCMT:nlsdata2.obj
 0003:0000c188       __commode                  1001d188     LIBCMT:ncommode.obj
 0003:0000c264       __fmode                    1001d264     LIBCMT:txtmode.obj
 0003:0000c268       ___lc_time_intl            1001d268     LIBCMT:inittime.obj
 0003:0000c284       ___lc_id                   1001d284     LIBCMT:nlsdata3.obj
 0003:0000c2d4       ___lconv_static_null       1001d2d4     LIBCMT:lconv.obj
 0003:0000c2e8       _g_Sid_Position            1001d2e8     <common>
 0003:0000c2ec       _bLoadService              1001d2ec     <common>
 0003:0000c2f0       _g_Public                  1001d2f0     <common>
 0003:0000c2f4       _g_Trace                   1001d2f4     <common>
 0003:0000c300       _absSec                    1001d300     <common>
 0003:0000c318       _g_hWnd                    1001d318     <common>
 0003:0000c320       _szHeadNode                1001d320     <common>
 0003:0000c3ec       _bRun                      1001d3ec     <common>
 0003:0000c3f0       _g_Ipp                     1001d3f0     <common>
 0003:0000c400       _sec                       1001d400     <common>
 0003:0000c418       _bWritConfig               1001d418     <common>
 0003:0000c41c       _g_Module                  1001d41c     <common>
 0003:0000c420       _g_Offset_Position         1001d420     <common>
 0003:0000c440       _s_database                1001d440     <common>
 0003:0000c494       _g_Trace_Spp               1001d494     <common>
 0003:0000c498       _g_Trace_Slp               1001d498     <common>
 0003:0000c49c       _g_Message                 1001d49c     <common>
 0003:0000c4a0       _g_Node                    1001d4a0     <common>
 0003:0000c4c0       _g_Trace_Infor             1001d4c0     <common>
 0003:0000c4ec       _g_dwNode                  1001d4ec     <common>
 0003:0000c500       _s_basic                   1001d500     <common>
 0003:0000c548       ___alternate_form          1001d548     <common>
 0003:0000c54c       ___no_lead_zeros           1001d54c     <common>
 0003:0000c550       ___setlc_active            1001d550     <common>
 0003:0000c554       ___unguarded_readlc_active 1001d554     <common>
 0003:0000c560       ___pioinfo                 1001d560     <common>
 0003:0000c660       __nhandle                  1001d660     <common>
 0003:0000c664       ___env_initialized         1001d664     <common>
 0003:0000c668       ___mbctype_initialized     1001d668     <common>
 0003:0000c66c       ___onexitend               1001d66c     <common>
 0003:0000c670       ___onexitbegin             1001d670     <common>
 0003:0000c674       __FPinit                   1001d674     <common>
 0003:0000c678       ___sbh_sizeHeaderList      1001d678     <common>
 0003:0000c67c       ___sbh_indGroupDefer       1001d67c     <common>
 0003:0000c680       ___sbh_pHeaderScan         1001d680     <common>
 0003:0000c684       ___sbh_initialized         1001d684     <common>
 0003:0000c688       ___sbh_pHeaderDefer        1001d688     <common>
 0003:0000c68c       ___sbh_cntHeaderList       1001d68c     <common>
 0003:0000c690       ___sbh_pHeaderList         1001d690     <common>
 0003:0000c694       ___sbh_threshold           1001d694     <common>
 0003:0000c698       __crtheap                  1001d698     <common>
 0003:0000c69c       ___active_heap             1001d69c     <common>
 0003:0000c6a0       ___mbcodepage              1001d6a0     <common>
 0003:0000c6b0       ___mbulinfo                1001d6b0     <common>
 0003:0000c6bc       ___ismbcodepage            1001d6bc     <common>
 0003:0000c6c0       __mbcasemap                1001d6c0     <common>
 0003:0000c7c0       __mbctype                  1001d7c0     <common>
 0003:0000c8c4       ___mblcid                  1001d8c4     <common>
 0003:0000c8c8       ___piob                    1001d8c8     <common>
 0003:0000c8e0       __bufin                    1001d8e0     <common>
 0003:0000d8e0       __nstream                  1001e8e0     <common>
 0003:0000d8e4       __acmdln                   1001e8e4     <common>
 0003:0000d8e8       __pRawDllMain              1001e8e8     <common>
 0003:0000d8ec       __FPmtinit                 1001e8ec     <common>
 0003:0000d8f0       __FPmtterm                 1001e8f0     <common>

 entry point at        0001:00003448

 Static symbols

 0001:0000025f       _cascade_timers            1000125f f   Timer.obj
 0001:000005d9       _del_tmid                  100015d9 f   Timer.obj
 0001:000006d6       _internal_add_timer        100016d6 f   Timer.obj
 0001:00000961       _init_timer                10001961 f   Timer.obj
 0001:00000d5f       _add_timer                 10001d5f f   Timer.obj
 0001:00000e3c       _get_tmid                  10001e3c f   Timer.obj
 0001:00000f2e       _transformnAddTimer        10001f2e f   Timer.obj
 0001:000012a5       _TriggleTimer              100022a5 f   Timer.obj
 0001:000013e2       _del_abs_tmid              100023e2 f   Timer.obj
 0001:0000145e       _add_abs_timer             1000245e f   Timer.obj
 0001:00001567       _get_abs_tmid              10002567 f   Timer.obj
 0001:000016ec       _TriggleAbsTimer           100026ec f   Timer.obj
 0001:0000ce90       _findenv                   1000de90 f   LIBCMT:setenv.obj
 0001:0000cee8       _copy_environ              1000dee8 f   LIBCMT:setenv.obj
 0001:0000ccde       _strncnt                   1000dcde f   LIBCMT:a_cmp.obj
 0001:0000c70f       _xtoa                      1000d70f f   LIBCMT:xtoa.obj
 0001:0000c7e1       _x64toa@20                 1000d7e1 f   LIBCMT:xtoa.obj
 0001:0000bc03       __expandtime               1000cc03 f   LIBCMT:strftime.obj
 0001:0000bff2       __store_str                1000cff2 f   LIBCMT:strftime.obj
 0001:0000c019       __store_num                1000d019 f   LIBCMT:strftime.obj
 0001:0000c088       __store_number             1000d088 f   LIBCMT:strftime.obj
 0001:0000c0d1       __store_winword            1000d0d1 f   LIBCMT:strftime.obj
 0001:0000af07       _TranslateName             1000bf07 f   LIBCMT:getqloc.obj
 0001:0000af5f       _GetLcidFromLangCountry    1000bf5f f   LIBCMT:getqloc.obj
 0001:0000afe6       _LangCountryEnumProc@4     1000bfe6 f   LIBCMT:getqloc.obj
 0001:0000b1ea       _GetLcidFromLanguage       1000c1ea f   LIBCMT:getqloc.obj
 0001:0000b240       _LanguageEnumProc@4        1000c240 f   LIBCMT:getqloc.obj
 0001:0000b2fd       _GetLcidFromCountry        1000c2fd f   LIBCMT:getqloc.obj
 0001:0000b334       _CountryEnumProc@4         1000c334 f   LIBCMT:getqloc.obj
 0001:0000b3ba       _GetLcidFromDefault        1000c3ba f   LIBCMT:getqloc.obj
 0001:0000b3d4       _ProcessCodePage           1000c3d4 f   LIBCMT:getqloc.obj
 0001:0000b43a       _TestDefaultCountry        1000c43a f   LIBCMT:getqloc.obj
 0001:0000b459       _TestDefaultLanguage       1000c459 f   LIBCMT:getqloc.obj
 0001:0000b4bb       _IsThisWindowsNT           1000c4bb f   LIBCMT:getqloc.obj
 0001:0000b4f1       _crtGetLocaleInfoA@16      1000c4f1 f   LIBCMT:getqloc.obj
 0001:0000b5d7       _LcidFromHexString         1000c5d7 f   LIBCMT:getqloc.obj
 0001:0000b610       _GetPrimaryLen             1000c610 f   LIBCMT:getqloc.obj
 0001:0000a95b       __get_lc_lconv             1000b95b f   LIBCMT:initmon.obj
 0001:0000aa7d       _fix_grouping              1000ba7d f   LIBCMT:initmon.obj
 0001:0000aab4       __free_lc_lconv            1000bab4 f   LIBCMT:initmon.obj
 0001:0000a859       _fix_grouping              1000b859 f   LIBCMT:initnum.obj
 0001:0000a1a6       __get_lc_time              1000b1a6 f   LIBCMT:inittime.obj
 0001:0000a4f4       __free_lc_time             1000b4f4 f   LIBCMT:inittime.obj
 0001:00009745       __setlocale_set_cat        1000a745 f   LIBCMT:setlocal.obj
 0001:00009860       __setlocale_get_all        1000a860 f   LIBCMT:setlocal.obj
 0001:00008ed9       __tzset_lk                 10009ed9 f   LIBCMT:tzset.obj
 0001:00009181       __isindst_lk               1000a181 f   LIBCMT:tzset.obj
 0001:0000932d       _cvtdate                   1000a32d f   LIBCMT:tzset.obj
 0001:00008bd0       LeadUp1                    10009bd0 f   LIBCMT:memmove.obj
 0001:00008bfc       LeadUp2                    10009bfc f   LIBCMT:memmove.obj
 0001:00008c20       LeadUp3                    10009c20 f   LIBCMT:memmove.obj
 0001:00008c9f       UnwindUp0                  10009c9f f   LIBCMT:memmove.obj
 0001:00008c8c       UnwindUp1                  10009c8c f   LIBCMT:memmove.obj
 0001:00008c84       UnwindUp2                  10009c84 f   LIBCMT:memmove.obj
 0001:00008c7c       UnwindUp3                  10009c7c f   LIBCMT:memmove.obj
 0001:00008c74       UnwindUp4                  10009c74 f   LIBCMT:memmove.obj
 0001:00008c6c       UnwindUp5                  10009c6c f   LIBCMT:memmove.obj
 0001:00008c64       UnwindUp6                  10009c64 f   LIBCMT:memmove.obj
 0001:00008c5c       UnwindUp7                  10009c5c f   LIBCMT:memmove.obj
 0001:00008cb8       TrailUp0                   10009cb8 f   LIBCMT:memmove.obj
 0001:00008cc0       TrailUp1                   10009cc0 f   LIBCMT:memmove.obj
 0001:00008ccc       TrailUp2                   10009ccc f   LIBCMT:memmove.obj
 0001:00008ce0       TrailUp3                   10009ce0 f   LIBCMT:memmove.obj
 0001:00008d58       LeadDown1                  10009d58 f   LIBCMT:memmove.obj
 0001:00008d78       LeadDown2                  10009d78 f   LIBCMT:memmove.obj
 0001:00008da0       LeadDown3                  10009da0 f   LIBCMT:memmove.obj
 0001:00008df4       UnwindDown7                10009df4 f   LIBCMT:memmove.obj
 0001:00008dfc       UnwindDown6                10009dfc f   LIBCMT:memmove.obj
 0001:00008e04       UnwindDown5                10009e04 f   LIBCMT:memmove.obj
 0001:00008e0c       UnwindDown4                10009e0c f   LIBCMT:memmove.obj
 0001:00008e14       UnwindDown3                10009e14 f   LIBCMT:memmove.obj
 0001:00008e1c       UnwindDown2                10009e1c f   LIBCMT:memmove.obj
 0001:00008e24       UnwindDown1                10009e24 f   LIBCMT:memmove.obj
 0001:00008e37       UnwindDown0                10009e37 f   LIBCMT:memmove.obj
 0001:00008e50       TrailDown0                 10009e50 f   LIBCMT:memmove.obj
 0001:00008e58       TrailDown1                 10009e58 f   LIBCMT:memmove.obj
 0001:00008e68       TrailDown2                 10009e68 f   LIBCMT:memmove.obj
 0001:00008e7c       TrailDown3                 10009e7c f   LIBCMT:memmove.obj
 0001:000087a6       _strtoxl                   100097a6 f   LIBCMT:strtol.obj
 0001:00008219       _strncnt                   10009219 f   LIBCMT:a_map.obj
 0001:000072f6       _parse_cmdline             100082f6 f   LIBCMT:stdargv.obj
 0001:00006de3       _xcptlookup                10007de3 f   LIBCMT:winxfltr.obj
 0001:00006bd4       _doexit                    10007bd4 f   LIBCMT:crt0dat.obj
 0001:00006c8b       __initterm                 10007c8b f   LIBCMT:crt0dat.obj
 0001:00006610       _gu_return                 10007610 f   LIBCMT:exsup.obj
 0001:00006618       __unwind_handler           10007618 f   LIBCMT:exsup.obj
 0001:000043b4       _getSystemCP               100053b4 f   LIBCMT:mbctype.obj
 0001:000043fe       _CPtoLCID                  100053fe f   LIBCMT:mbctype.obj
 0001:00004431       _setSBCS                   10005431 f   LIBCMT:mbctype.obj
 0001:0000445a       _setSBUpLow                1000545a f   LIBCMT:mbctype.obj
 0001:0000413e       _write_char                1000513e f   LIBCMT:output.obj
 0001:00004173       _write_multi_char          10005173 f   LIBCMT:output.obj
 0001:000041a4       _write_string              100051a4 f   LIBCMT:output.obj
 0001:000041dc       _get_int_arg               100051dc f   LIBCMT:output.obj
 0001:000041e9       _get_int64_arg             100051e9 f   LIBCMT:output.obj
 0001:000041f9       _get_short_arg             100051f9 f   LIBCMT:output.obj
 0001:00003845       _flsall                    10004845 f   LIBCMT:fflush.obj
 0001:00002cd3       __threadstartex@4          10003cd3 f   LIBCMT:threadex.obj
 0001:00002780       LeadUp1                    10003780 f   LIBCMT:memcpy.obj
 0001:000027ac       LeadUp2                    100037ac f   LIBCMT:memcpy.obj
 0001:000027d0       LeadUp3                    100037d0 f   LIBCMT:memcpy.obj
 0001:0000284f       UnwindUp0                  1000384f f   LIBCMT:memcpy.obj
 0001:0000283c       UnwindUp1                  1000383c f   LIBCMT:memcpy.obj
 0001:00002834       UnwindUp2                  10003834 f   LIBCMT:memcpy.obj
 0001:0000282c       UnwindUp3                  1000382c f   LIBCMT:memcpy.obj
 0001:00002824       UnwindUp4                  10003824 f   LIBCMT:memcpy.obj
 0001:0000281c       UnwindUp5                  1000381c f   LIBCMT:memcpy.obj
 0001:00002814       UnwindUp6                  10003814 f   LIBCMT:memcpy.obj
 0001:0000280c       UnwindUp7                  1000380c f   LIBCMT:memcpy.obj
 0001:00002868       TrailUp0                   10003868 f   LIBCMT:memcpy.obj
 0001:00002870       TrailUp1                   10003870 f   LIBCMT:memcpy.obj
 0001:0000287c       TrailUp2                   1000387c f   LIBCMT:memcpy.obj
 0001:00002890       TrailUp3                   10003890 f   LIBCMT:memcpy.obj
 0001:00002908       LeadDown1                  10003908 f   LIBCMT:memcpy.obj
 0001:00002928       LeadDown2                  10003928 f   LIBCMT:memcpy.obj
 0001:00002950       LeadDown3                  10003950 f   LIBCMT:memcpy.obj
 0001:000029a4       UnwindDown7                100039a4 f   LIBCMT:memcpy.obj
 0001:000029ac       UnwindDown6                100039ac f   LIBCMT:memcpy.obj
 0001:000029b4       UnwindDown5                100039b4 f   LIBCMT:memcpy.obj
 0001:000029bc       UnwindDown4                100039bc f   LIBCMT:memcpy.obj
 0001:000029c4       UnwindDown3                100039c4 f   LIBCMT:memcpy.obj
 0001:000029cc       UnwindDown2                100039cc f   LIBCMT:memcpy.obj
 0001:000029d4       UnwindDown1                100039d4 f   LIBCMT:memcpy.obj
 0001:000029e7       UnwindDown0                100039e7 f   LIBCMT:memcpy.obj
 0001:00002a00       TrailDown0                 10003a00 f   LIBCMT:memcpy.obj
 0001:00002a08       TrailDown1                 10003a08 f   LIBCMT:memcpy.obj
 0001:00002a18       TrailDown2                 10003a18 f   LIBCMT:memcpy.obj
 0001:00002a2c       TrailDown3                 10003a2c f   LIBCMT:memcpy.obj
